-- Automatically generated by SQLQueryTestSuite
-- Number of queries: 10


-- !query 0
CREATE TEMPORARY VIEW m AS SELECT * FROM VALUES
  (null, 1.0),
  (2, 3.0),
  (4, 5.0)
  AS m(a, b)
-- !query 0 schema
struct<>
-- !query 0 output



-- !query 1
CREATE TEMPORARY VIEW s AS SELECT * FROM VALUES
  (null, 1.0),
  (2, 3.0),
  (6, 7.0)
  AS s(c, d)
-- !query 1 schema
struct<>
-- !query 1 output



-- !query 2
SELECT *
FROM   m
WHERE  a NOT IN (SELECT c
                 FROM   s
                 WHERE  d > 10.0) -- (empty subquery)
-- !query 2 schema
struct<a:int,b:decimal(2,1)>
-- !query 2 output
2	3
4	5
NULL	1


-- !query 3
SELECT *
FROM   m
WHERE  a NOT IN (SELECT c
                 FROM   s
                 WHERE  d = 1.0) -- Only matches (null, 1.0)
-- !query 3 schema
struct<a:int,b:decimal(2,1)>
-- !query 3 output



-- !query 4
SELECT *
FROM   m
WHERE  b = 1.0 -- Only matches (null, 1.0)
       AND a NOT IN (SELECT c
                     FROM   s
                     WHERE  d = 3.0) -- Matches (2, 3.0)
-- !query 4 schema
struct<a:int,b:decimal(2,1)>
-- !query 4 output



-- !query 5
SELECT *
FROM   m
WHERE  b = 3.0 -- Only matches (2, 3.0)
       AND a NOT IN (SELECT c
                     FROM   s
                     WHERE  d = 3.0) -- Matches (2, 3.0)
-- !query 5 schema
struct<a:int,b:decimal(2,1)>
-- !query 5 output



-- !query 6
SELECT *
FROM   m
WHERE  b = 3.0 -- Only matches (2, 3.0)
       AND a NOT IN (SELECT c
                     FROM   s
                     WHERE  d = 7.0) -- Matches (6, 7.0)
-- !query 6 schema
struct<a:int,b:decimal(2,1)>
-- !query 6 output
2	3


-- !query 7
SELECT *
FROM   m
WHERE a NOT IN (SELECT c
                FROM   s
                WHERE  d = b + 10) -- Matches no row
-- !query 7 schema
struct<a:int,b:decimal(2,1)>
-- !query 7 output
2	3
4	5
NULL	1


-- !query 8
SELECT *
FROM   m
WHERE  b = 1.0 -- Only matches (null, 1.0)
       AND a NOT IN (SELECT c
                     FROM   s
                     WHERE  d = b + 10) -- Matches no row
-- !query 8 schema
struct<a:int,b:decimal(2,1)>
-- !query 8 output
NULL	1


-- !query 9
SELECT *
FROM   m
WHERE  b = 3.0 -- Only matches (2, 3.0)
       AND a NOT IN (SELECT c
                     FROM   s
                     WHERE  d = b + 10) -- Matches no row
-- !query 9 schema
struct<a:int,b:decimal(2,1)>
-- !query 9 output
2	3
