-- Automatically generated by SQLQueryTestSuite
-- Number of queries: 25


-- !query 0
create temporary view int4_tbl as select * from values
  (0),
  (123456),
  (-123456),
  (2147483647),
  (-2147483647)
  as int4_tbl(f1)
-- !query 0 schema
struct<>
-- !query 0 output



-- !query 1
CREATE OR REPLACE TEMPORARY VIEW bitwise_test AS SELECT * FROM VALUES
  (1, 1, 1, 1L),
  (3, 3, 3, null),
  (7, 7, 7, 3L) AS bitwise_test(b1, b2, b3, b4)
-- !query 1 schema
struct<>
-- !query 1 output



-- !query 2
SELECT BIT_AND(b1) AS n1, BIT_OR(b2)  AS n2 FROM bitwise_test where 1 = 0
-- !query 2 schema
struct<n1:int,n2:int>
-- !query 2 output
NULL	NULL


-- !query 3
SELECT BIT_AND(b4) AS n1, BIT_OR(b4)  AS n2 FROM bitwise_test where b4 is null
-- !query 3 schema
struct<n1:bigint,n2:bigint>
-- !query 3 output
NULL	NULL


-- !query 4
SELECT
 BIT_AND(cast(b1 as tinyint)) AS a1,
 BIT_AND(cast(b2 as smallint)) AS b1,
 BIT_AND(b3) AS c1,
 BIT_AND(b4) AS d1,
 BIT_OR(cast(b1 as tinyint))  AS e7,
 BIT_OR(cast(b2 as smallint))  AS f7,
 BIT_OR(b3)  AS g7,
 BIT_OR(b4)  AS h3
FROM bitwise_test
-- !query 4 schema
struct<a1:tinyint,b1:smallint,c1:int,d1:bigint,e7:tinyint,f7:smallint,g7:int,h3:bigint>
-- !query 4 output
1	1	1	1	7	7	7	3


-- !query 5
SELECT
  (NULL AND NULL) IS NULL AS `t`,
  (TRUE AND NULL) IS NULL AS `t`,
  (FALSE AND NULL) IS NULL AS `t`,
  (NULL AND TRUE) IS NULL AS `t`,
  (NULL AND FALSE) IS NULL AS `t`,
  (TRUE AND TRUE) AS `t`,
  NOT (TRUE AND FALSE) AS `t`,
  NOT (FALSE AND TRUE) AS `t`,
  NOT (FALSE AND FALSE) AS `t`
-- !query 5 schema
struct<t:boolean,t:boolean,t:boolean,t:boolean,t:boolean,t:boolean,t:boolean,t:boolean,t:boolean>
-- !query 5 output
true	true	false	true	false	true	true	true	true


-- !query 6
SELECT
  (NULL OR NULL) IS NULL AS `t`,
  (TRUE OR NULL) IS NULL AS `t`,
  (FALSE OR NULL) IS NULL AS `t`,
  (NULL OR TRUE) IS NULL AS `t`,
  (NULL OR FALSE) IS NULL AS `t`,
  (TRUE OR TRUE) AS `t`,
  (TRUE OR FALSE) AS `t`,
  (FALSE OR TRUE) AS `t`,
  NOT (FALSE OR FALSE) AS `t`
-- !query 6 schema
struct<t:boolean,t:boolean,t:boolean,t:boolean,t:boolean,t:boolean,t:boolean,t:boolean,t:boolean>
-- !query 6 output
true	false	true	false	true	true	true	true	true


-- !query 7
CREATE OR REPLACE TEMPORARY VIEW bool_test AS SELECT * FROM VALUES
  (TRUE, null, FALSE, null),
  (FALSE, TRUE, null, null),
  (null, TRUE, FALSE, null) AS bool_test(b1, b2, b3, b4)
-- !query 7 schema
struct<>
-- !query 7 output



-- !query 8
SELECT BOOL_AND(b1) AS n1, BOOL_OR(b3) AS n2 FROM bool_test WHERE 1 = 0
-- !query 8 schema
struct<n1:boolean,n2:boolean>
-- !query 8 output
NULL	NULL


-- !query 9
SELECT
  BOOL_AND(b1)     AS f1,
  BOOL_AND(b2)     AS t2,
  BOOL_AND(b3)     AS f3,
  BOOL_AND(b4)     AS n4,
  BOOL_AND(NOT b2) AS f5,
  BOOL_AND(NOT b3) AS t6
FROM bool_test
-- !query 9 schema
struct<f1:boolean,t2:boolean,f3:boolean,n4:boolean,f5:boolean,t6:boolean>
-- !query 9 output
false	true	false	NULL	false	true


-- !query 10
SELECT
  EVERY(b1)     AS f1,
  EVERY(b2)     AS t2,
  EVERY(b3)     AS f3,
  EVERY(b4)     AS n4,
  EVERY(NOT b2) AS f5,
  EVERY(NOT b3) AS t6
FROM bool_test
-- !query 10 schema
struct<f1:boolean,t2:boolean,f3:boolean,n4:boolean,f5:boolean,t6:boolean>
-- !query 10 output
false	true	false	NULL	false	true


-- !query 11
SELECT
  BOOL_OR(b1)      AS t1,
  BOOL_OR(b2)      AS t2,
  BOOL_OR(b3)      AS f3,
  BOOL_OR(b4)      AS n4,
  BOOL_OR(NOT b2)  AS f5,
  BOOL_OR(NOT b3)  AS t6
FROM bool_test
-- !query 11 schema
struct<t1:boolean,t2:boolean,f3:boolean,n4:boolean,f5:boolean,t6:boolean>
-- !query 11 output
true	true	false	NULL	false	true


-- !query 12
select min(udf(unique1)) from tenk1
-- !query 12 schema
struct<min(CAST(udf(cast(unique1 as string)) AS INT)):int>
-- !query 12 output
0


-- !query 13
select udf(max(unique1)) from tenk1
-- !query 13 schema
struct<CAST(udf(cast(max(unique1) as string)) AS INT):int>
-- !query 13 output
9999


-- !query 14
select max(unique1) from tenk1 where udf(unique1) < 42
-- !query 14 schema
struct<max(unique1):int>
-- !query 14 output
41


-- !query 15
select max(unique1) from tenk1 where unique1 > udf(42)
-- !query 15 schema
struct<max(unique1):int>
-- !query 15 output
9999


-- !query 16
select max(unique1) from tenk1 where udf(unique1) > 42000
-- !query 16 schema
struct<max(unique1):int>
-- !query 16 output
NULL


-- !query 17
select max(tenthous) from tenk1 where udf(thousand) = 33
-- !query 17 schema
struct<max(tenthous):int>
-- !query 17 output
9033


-- !query 18
select min(tenthous) from tenk1 where udf(thousand) = 33
-- !query 18 schema
struct<min(tenthous):int>
-- !query 18 output
33


-- !query 19
select distinct max(udf(unique2)) from tenk1
-- !query 19 schema
struct<max(CAST(udf(cast(unique2 as string)) AS INT)):int>
-- !query 19 output
9999


-- !query 20
select max(unique2) from tenk1 order by udf(1)
-- !query 20 schema
struct<max(unique2):int>
-- !query 20 output
9999


-- !query 21
select max(unique2) from tenk1 order by max(udf(unique2))
-- !query 21 schema
struct<max(unique2):int>
-- !query 21 output
9999


-- !query 22
select udf(max(udf(unique2))) from tenk1 order by udf(max(unique2))+1
-- !query 22 schema
struct<CAST(udf(cast(max(cast(udf(cast(unique2 as string)) as int)) as string)) AS INT):int>
-- !query 22 output
9999


-- !query 23
select t1.max_unique2, udf(g) from (select max(udf(unique2)) as max_unique2 FROM tenk1) t1 LATERAL VIEW explode(array(1,2,3)) t2 AS g order by g desc
-- !query 23 schema
struct<max_unique2:int,CAST(udf(cast(g as string)) AS INT):int>
-- !query 23 output
9999	3
9999	2
9999	1


-- !query 24
select udf(max(100)) from tenk1
-- !query 24 schema
struct<CAST(udf(cast(max(100) as string)) AS INT):int>
-- !query 24 output
100
