-- Automatically generated by SQLQueryTestSuite
-- Number of queries: 43


-- !query 0
SELECT avg(udf(four)) AS avg_1 FROM onek
-- !query 0 schema
struct<avg_1:double>
-- !query 0 output
1.5


-- !query 1
SELECT udf(avg(a)) AS avg_32 FROM aggtest WHERE a < 100
-- !query 1 schema
struct<avg_32:double>
-- !query 1 output
32.666666666666664


-- !query 2
select CAST(avg(udf(b)) AS Decimal(10,3)) AS avg_107_943 FROM aggtest
-- !query 2 schema
struct<avg_107_943:decimal(10,3)>
-- !query 2 output
107.943


-- !query 3
SELECT sum(udf(four)) AS sum_1500 FROM onek
-- !query 3 schema
struct<sum_1500:bigint>
-- !query 3 output
1500


-- !query 4
SELECT udf(sum(a)) AS sum_198 FROM aggtest
-- !query 4 schema
struct<sum_198:bigint>
-- !query 4 output
198


-- !query 5
SELECT udf(udf(sum(b))) AS avg_431_773 FROM aggtest
-- !query 5 schema
struct<avg_431_773:double>
-- !query 5 output
431.77260909229517


-- !query 6
SELECT udf(max(four)) AS max_3 FROM onek
-- !query 6 schema
struct<max_3:int>
-- !query 6 output
3


-- !query 7
SELECT max(udf(a)) AS max_100 FROM aggtest
-- !query 7 schema
struct<max_100:int>
-- !query 7 output
100


-- !query 8
SELECT udf(udf(max(aggtest.b))) AS max_324_78 FROM aggtest
-- !query 8 schema
struct<max_324_78:float>
-- !query 8 output
324.78


-- !query 9
SELECT stddev_pop(udf(b)) FROM aggtest
-- !query 9 schema
struct<stddev_pop(CAST(CAST(udf(cast(b as string)) AS FLOAT) AS DOUBLE)):double>
-- !query 9 output
131.10703231895047


-- !query 10
SELECT udf(stddev_samp(b)) FROM aggtest
-- !query 10 schema
struct<CAST(udf(cast(stddev_samp(cast(b as double)) as string)) AS DOUBLE):double>
-- !query 10 output
151.38936080399804


-- !query 11
SELECT var_pop(udf(b)) FROM aggtest
-- !query 11 schema
struct<var_pop(CAST(CAST(udf(cast(b as string)) AS FLOAT) AS DOUBLE)):double>
-- !query 11 output
17189.053923482323


-- !query 12
SELECT udf(var_samp(b)) FROM aggtest
-- !query 12 schema
struct<CAST(udf(cast(var_samp(cast(b as double)) as string)) AS DOUBLE):double>
-- !query 12 output
22918.738564643096


-- !query 13
SELECT udf(stddev_pop(CAST(b AS Decimal(38,0)))) FROM aggtest
-- !query 13 schema
struct<CAST(udf(cast(stddev_pop(cast(cast(b as decimal(38,0)) as double)) as string)) AS DOUBLE):double>
-- !query 13 output
131.18117242958306


-- !query 14
SELECT stddev_samp(CAST(udf(b) AS Decimal(38,0))) FROM aggtest
-- !query 14 schema
struct<stddev_samp(CAST(CAST(CAST(udf(cast(b as string)) AS FLOAT) AS DECIMAL(38,0)) AS DOUBLE)):double>
-- !query 14 output
151.47497042966097


-- !query 15
SELECT udf(var_pop(CAST(b AS Decimal(38,0)))) FROM aggtest
-- !query 15 schema
struct<CAST(udf(cast(var_pop(cast(cast(b as decimal(38,0)) as double)) as string)) AS DOUBLE):double>
-- !query 15 output
17208.5


-- !query 16
SELECT var_samp(udf(CAST(b AS Decimal(38,0)))) FROM aggtest
-- !query 16 schema
struct<var_samp(CAST(CAST(udf(cast(cast(b as decimal(38,0)) as string)) AS DECIMAL(38,0)) AS DOUBLE)):double>
-- !query 16 output
22944.666666666668


-- !query 17
SELECT udf(var_pop(1.0)), var_samp(udf(2.0))
-- !query 17 schema
struct<CAST(udf(cast(var_pop(cast(1.0 as double)) as string)) AS DOUBLE):double,var_samp(CAST(CAST(udf(cast(2.0 as string)) AS DECIMAL(2,1)) AS DOUBLE)):double>
-- !query 17 output
0.0	NaN


-- !query 18
SELECT stddev_pop(udf(CAST(3.0 AS Decimal(38,0)))), stddev_samp(CAST(udf(4.0) AS Decimal(38,0)))
-- !query 18 schema
struct<stddev_pop(CAST(CAST(udf(cast(cast(3.0 as decimal(38,0)) as string)) AS DECIMAL(38,0)) AS DOUBLE)):double,stddev_samp(CAST(CAST(CAST(udf(cast(4.0 as string)) AS DECIMAL(2,1)) AS DECIMAL(38,0)) AS DOUBLE)):double>
-- !query 18 output
0.0	NaN


-- !query 19
select sum(udf(CAST(null AS int))) from range(1,4)
-- !query 19 schema
struct<sum(CAST(udf(cast(cast(null as int) as string)) AS INT)):bigint>
-- !query 19 output
NULL


-- !query 20
select sum(udf(CAST(null AS long))) from range(1,4)
-- !query 20 schema
struct<sum(CAST(udf(cast(cast(null as bigint) as string)) AS BIGINT)):bigint>
-- !query 20 output
NULL


-- !query 21
select sum(udf(CAST(null AS Decimal(38,0)))) from range(1,4)
-- !query 21 schema
struct<sum(CAST(udf(cast(cast(null as decimal(38,0)) as string)) AS DECIMAL(38,0))):decimal(38,0)>
-- !query 21 output
NULL


-- !query 22
select sum(udf(CAST(null AS DOUBLE))) from range(1,4)
-- !query 22 schema
struct<sum(CAST(udf(cast(cast(null as double) as string)) AS DOUBLE)):double>
-- !query 22 output
NULL


-- !query 23
select avg(udf(CAST(null AS int))) from range(1,4)
-- !query 23 schema
struct<avg(CAST(udf(cast(cast(null as int) as string)) AS INT)):double>
-- !query 23 output
NULL


-- !query 24
select avg(udf(CAST(null AS long))) from range(1,4)
-- !query 24 schema
struct<avg(CAST(udf(cast(cast(null as bigint) as string)) AS BIGINT)):double>
-- !query 24 output
NULL


-- !query 25
select avg(udf(CAST(null AS Decimal(38,0)))) from range(1,4)
-- !query 25 schema
struct<avg(CAST(udf(cast(cast(null as decimal(38,0)) as string)) AS DECIMAL(38,0))):decimal(38,4)>
-- !query 25 output
NULL


-- !query 26
select avg(udf(CAST(null AS DOUBLE))) from range(1,4)
-- !query 26 schema
struct<avg(CAST(udf(cast(cast(null as double) as string)) AS DOUBLE)):double>
-- !query 26 output
NULL


-- !query 27
select sum(CAST(udf('NaN') AS DOUBLE)) from range(1,4)
-- !query 27 schema
struct<sum(CAST(CAST(udf(cast(NaN as string)) AS STRING) AS DOUBLE)):double>
-- !query 27 output
NaN


-- !query 28
select avg(CAST(udf('NaN') AS DOUBLE)) from range(1,4)
-- !query 28 schema
struct<avg(CAST(CAST(udf(cast(NaN as string)) AS STRING) AS DOUBLE)):double>
-- !query 28 output
NaN


-- !query 29
SELECT avg(CAST(udf(x) AS DOUBLE)), var_pop(CAST(udf(x) AS DOUBLE))
FROM (VALUES ('Infinity'), ('1')) v(x)
-- !query 29 schema
struct<avg(CAST(CAST(udf(cast(x as string)) AS STRING) AS DOUBLE)):double,var_pop(CAST(CAST(udf(cast(x as string)) AS STRING) AS DOUBLE)):double>
-- !query 29 output
Infinity	NaN


-- !query 30
SELECT avg(CAST(udf(x) AS DOUBLE)), var_pop(CAST(udf(x) AS DOUBLE))
FROM (VALUES ('Infinity'), ('Infinity')) v(x)
-- !query 30 schema
struct<avg(CAST(CAST(udf(cast(x as string)) AS STRING) AS DOUBLE)):double,var_pop(CAST(CAST(udf(cast(x as string)) AS STRING) AS DOUBLE)):double>
-- !query 30 output
Infinity	NaN


-- !query 31
SELECT avg(CAST(udf(x) AS DOUBLE)), var_pop(CAST(udf(x) AS DOUBLE))
FROM (VALUES ('-Infinity'), ('Infinity')) v(x)
-- !query 31 schema
struct<avg(CAST(CAST(udf(cast(x as string)) AS STRING) AS DOUBLE)):double,var_pop(CAST(CAST(udf(cast(x as string)) AS STRING) AS DOUBLE)):double>
-- !query 31 output
NaN	NaN


-- !query 32
SELECT avg(udf(CAST(x AS DOUBLE))), udf(var_pop(CAST(x AS DOUBLE)))
FROM (VALUES (100000003), (100000004), (100000006), (100000007)) v(x)
-- !query 32 schema
struct<avg(CAST(udf(cast(cast(x as double) as string)) AS DOUBLE)):double,CAST(udf(cast(var_pop(cast(x as double)) as string)) AS DOUBLE):double>
-- !query 32 output
1.00000005E8	2.5


-- !query 33
SELECT avg(udf(CAST(x AS DOUBLE))), udf(var_pop(CAST(x AS DOUBLE)))
FROM (VALUES (7000000000005), (7000000000007)) v(x)
-- !query 33 schema
struct<avg(CAST(udf(cast(cast(x as double) as string)) AS DOUBLE)):double,CAST(udf(cast(var_pop(cast(x as double)) as string)) AS DOUBLE):double>
-- !query 33 output
7.000000000006E12	1.0


-- !query 34
SELECT udf(covar_pop(b, udf(a))), covar_samp(udf(b), a) FROM aggtest
-- !query 34 schema
struct<CAST(udf(cast(covar_pop(cast(b as double), cast(cast(udf(cast(a as string)) as int) as double)) as string)) AS DOUBLE):double,covar_samp(CAST(CAST(udf(cast(b as string)) AS FLOAT) AS DOUBLE), CAST(a AS DOUBLE)):double>
-- !query 34 output
653.6289553875104	871.5052738500139


-- !query 35
SELECT corr(b, udf(a)) FROM aggtest
-- !query 35 schema
struct<corr(CAST(b AS DOUBLE), CAST(CAST(udf(cast(a as string)) AS INT) AS DOUBLE)):double>
-- !query 35 output
0.1396345165178734


-- !query 36
SELECT count(udf(four)) AS cnt_1000 FROM onek
-- !query 36 schema
struct<cnt_1000:bigint>
-- !query 36 output
1000


-- !query 37
SELECT udf(count(DISTINCT four)) AS cnt_4 FROM onek
-- !query 37 schema
struct<cnt_4:bigint>
-- !query 37 output
4


-- !query 38
select ten, udf(count(*)), sum(udf(four)) from onek
group by ten order by ten
-- !query 38 schema
struct<ten:int,CAST(udf(cast(count(1) as string)) AS BIGINT):bigint,sum(CAST(udf(cast(four as string)) AS INT)):bigint>
-- !query 38 output
0	100	100
1	100	200
2	100	100
3	100	200
4	100	100
5	100	200
6	100	100
7	100	200
8	100	100
9	100	200


-- !query 39
select ten, count(udf(four)), udf(sum(DISTINCT four)) from onek
group by ten order by ten
-- !query 39 schema
struct<ten:int,count(CAST(udf(cast(four as string)) AS INT)):bigint,CAST(udf(cast(sum(distinct cast(four as bigint)) as string)) AS BIGINT):bigint>
-- !query 39 output
0	100	2
1	100	4
2	100	2
3	100	4
4	100	2
5	100	4
6	100	2
7	100	4
8	100	2
9	100	4


-- !query 40
select ten, udf(sum(distinct four)) from onek a
group by ten
having exists (select 1 from onek b where udf(sum(distinct a.four)) = b.four)
-- !query 40 schema
struct<ten:int,CAST(udf(cast(sum(distinct cast(four as bigint)) as string)) AS BIGINT):bigint>
-- !query 40 output
0	2
2	2
4	2
6	2
8	2


-- !query 41
select ten, sum(distinct four) from onek a
group by ten
having exists (select 1 from onek b
               where sum(distinct a.four + b.four) = udf(b.four))
-- !query 41 schema
struct<>
-- !query 41 output
org.apache.spark.sql.AnalysisException

Aggregate/Window/Generate expressions are not valid in where clause of the query.
Expression in where clause: [(sum(DISTINCT CAST((outer() + b.`four`) AS BIGINT)) = CAST(CAST(udf(cast(four as string)) AS INT) AS BIGINT))]
Invalid expressions: [sum(DISTINCT CAST((outer() + b.`four`) AS BIGINT))];


-- !query 42
select
  (select udf(max((select i.unique2 from tenk1 i where i.unique1 = o.unique1))))
from tenk1 o
-- !query 42 schema
struct<>
-- !query 42 output
org.apache.spark.sql.AnalysisException
cannot resolve '`o.unique1`' given input columns: [i.even, i.fivethous, i.four, i.hundred, i.odd, i.string4, i.stringu1, i.stringu2, i.ten, i.tenthous, i.thousand, i.twenty, i.two, i.twothousand, i.unique1, i.unique2]; line 2 pos 67
