-- Automatically generated by SQLQueryTestSuite
-- Number of queries: 6


-- !query 0
SELECT udf(x) FROM (VALUES (1), (2), (NULL)) v(x)
-- !query 0 schema
struct<CAST(udf(cast(x as string)) AS INT):int>
-- !query 0 output
1
2
NULL


-- !query 1
SELECT udf(x) FROM (VALUES ('A'), ('B'), (NULL)) v(x)
-- !query 1 schema
struct<CAST(udf(cast(x as string)) AS STRING):string>
-- !query 1 output
A
B
NULL


-- !query 2
SELECT udf(x) FROM (VALUES ('NaN'), ('1'), ('2')) v(x)
-- !query 2 schema
struct<CAST(udf(cast(x as string)) AS STRING):string>
-- !query 2 output
1
2
NaN


-- !query 3
SELECT udf(x) FROM (VALUES ('Infinity'), ('1'), ('2')) v(x)
-- !query 3 schema
struct<CAST(udf(cast(x as string)) AS STRING):string>
-- !query 3 output
1
2
Infinity


-- !query 4
SELECT udf(x) FROM (VALUES ('-Infinity'), ('1'), ('2')) v(x)
-- !query 4 schema
struct<CAST(udf(cast(x as string)) AS STRING):string>
-- !query 4 output
-Infinity
1
2


-- !query 5
SELECT udf(x) FROM (VALUES 0.00000001, 0.00000002, 0.00000003) v(x)
-- !query 5 schema
struct<CAST(udf(cast(x as string)) AS DECIMAL(8,8)):decimal(8,8)>
-- !query 5 output
0.00000001
0.00000002
0.00000003
