-- Automatically generated by SQLQueryTestSuite
-- Number of queries: 5


-- !query 0
CREATE OR REPLACE TEMPORARY VIEW testData AS SELECT * FROM VALUES
(1, 1), (1, 2), (2, 1), (1, 1), (null, 2), (1, null), (null, null)
AS testData(a, b)
-- !query 0 schema
struct<>
-- !query 0 output



-- !query 1
SELECT
  udf(count(*)), udf(count(1)), udf(count(null)), udf(count(a)), udf(count(b)), udf(count(a + b)), udf(count((a, b)))
FROM testData
-- !query 1 schema
struct<CAST(udf(cast(count(1) as string)) AS BIGINT):bigint,CAST(udf(cast(count(1) as string)) AS BIGINT):bigint,CAST(udf(cast(count(null) as string)) AS BIGINT):bigint,CAST(udf(cast(count(a) as string)) AS BIGINT):bigint,CAST(udf(cast(count(b) as string)) AS BIGINT):bigint,CAST(udf(cast(count((a + b)) as string)) AS BIGINT):bigint,CAST(udf(cast(count(named_struct(a, a, b, b)) as string)) AS BIGINT):bigint>
-- !query 1 output
7	7	0	5	5	4	7


-- !query 2
SELECT
  udf(count(DISTINCT 1)),
  udf(count(DISTINCT null)),
  udf(count(DISTINCT a)),
  udf(count(DISTINCT b)),
  udf(count(DISTINCT (a + b))),
  udf(count(DISTINCT (a, b)))
FROM testData
-- !query 2 schema
struct<CAST(udf(cast(count(distinct 1) as string)) AS BIGINT):bigint,CAST(udf(cast(count(distinct null) as string)) AS BIGINT):bigint,CAST(udf(cast(count(distinct a) as string)) AS BIGINT):bigint,CAST(udf(cast(count(distinct b) as string)) AS BIGINT):bigint,CAST(udf(cast(count(distinct (a + b)) as string)) AS BIGINT):bigint,CAST(udf(cast(count(distinct named_struct(a, a, b, b)) as string)) AS BIGINT):bigint>
-- !query 2 output
1	0	2	2	2	6


-- !query 3
SELECT udf(count(a, b)), udf(count(b, a)), udf(count(testData.*)) FROM testData
-- !query 3 schema
struct<CAST(udf(cast(count(a, b) as string)) AS BIGINT):bigint,CAST(udf(cast(count(b, a) as string)) AS BIGINT):bigint,CAST(udf(cast(count(a, b) as string)) AS BIGINT):bigint>
-- !query 3 output
4	4	4


-- !query 4
SELECT
  udf(count(DISTINCT a, b)), udf(count(DISTINCT b, a)), udf(count(DISTINCT *)), udf(count(DISTINCT testData.*))
FROM testData
-- !query 4 schema
struct<CAST(udf(cast(count(distinct a, b) as string)) AS BIGINT):bigint,CAST(udf(cast(count(distinct b, a) as string)) AS BIGINT):bigint,CAST(udf(cast(count(distinct a, b) as string)) AS BIGINT):bigint,CAST(udf(cast(count(distinct a, b) as string)) AS BIGINT):bigint>
-- !query 4 output
3	3	3	3
