-- Automatically generated by SQLQueryTestSuite
-- Number of queries: 25


-- !query 0
CREATE TABLE test_change(a INT, b STRING, c INT) using parquet
-- !query 0 schema
struct<>
-- !query 0 output



-- !query 1
DESC test_change
-- !query 1 schema
struct<col_name:string,data_type:string,comment:string>
-- !query 1 output
a                   	int                 	                    
b                   	string              	                    
c                   	int


-- !query 2
ALTER TABLE test_change CHANGE a
-- !query 2 schema
struct<>
-- !query 2 output
org.apache.spark.sql.catalyst.parser.ParseException

Operation not allowed: ALTER TABLE table CHANGE COLUMN requires a TYPE or a COMMENT(line 1, pos 0)

== SQL ==
ALTER TABLE test_change CHANGE a
^^^


-- !query 3
DESC test_change
-- !query 3 schema
struct<col_name:string,data_type:string,comment:string>
-- !query 3 output
a                   	int                 	                    
b                   	string              	                    
c                   	int


-- !query 4
ALTER TABLE test_change RENAME COLUMN a TO a1
-- !query 4 schema
struct<>
-- !query 4 output
org.apache.spark.sql.AnalysisException
RENAME COLUMN is only supported with v2 tables.;


-- !query 5
DESC test_change
-- !query 5 schema
struct<col_name:string,data_type:string,comment:string>
-- !query 5 output
a                   	int                 	                    
b                   	string              	                    
c                   	int


-- !query 6
ALTER TABLE test_change CHANGE a TYPE STRING
-- !query 6 schema
struct<>
-- !query 6 output
org.apache.spark.sql.AnalysisException
ALTER TABLE CHANGE COLUMN is not supported for changing column 'a' with type 'IntegerType' to 'a' with type 'StringType';


-- !query 7
DESC test_change
-- !query 7 schema
struct<col_name:string,data_type:string,comment:string>
-- !query 7 output
a                   	int                 	                    
b                   	string              	                    
c                   	int


-- !query 8
ALTER TABLE test_change CHANGE a TYPE INT AFTER b
-- !query 8 schema
struct<>
-- !query 8 output
org.apache.spark.sql.catalyst.parser.ParseException

Operation not allowed: ALTER TABLE table CHANGE COLUMN ... FIRST | AFTER otherCol(line 1, pos 0)

== SQL ==
ALTER TABLE test_change CHANGE a TYPE INT AFTER b
^^^


-- !query 9
ALTER TABLE test_change CHANGE b TYPE STRING FIRST
-- !query 9 schema
struct<>
-- !query 9 output
org.apache.spark.sql.catalyst.parser.ParseException

Operation not allowed: ALTER TABLE table CHANGE COLUMN ... FIRST | AFTER otherCol(line 1, pos 0)

== SQL ==
ALTER TABLE test_change CHANGE b TYPE STRING FIRST
^^^


-- !query 10
DESC test_change
-- !query 10 schema
struct<col_name:string,data_type:string,comment:string>
-- !query 10 output
a                   	int                 	                    
b                   	string              	                    
c                   	int


-- !query 11
ALTER TABLE test_change CHANGE a TYPE INT COMMENT 'this is column a'
-- !query 11 schema
struct<>
-- !query 11 output



-- !query 12
ALTER TABLE test_change CHANGE b TYPE STRING COMMENT '#*02?`'
-- !query 12 schema
struct<>
-- !query 12 output



-- !query 13
ALTER TABLE test_change CHANGE c TYPE INT COMMENT ''
-- !query 13 schema
struct<>
-- !query 13 output



-- !query 14
DESC test_change
-- !query 14 schema
struct<col_name:string,data_type:string,comment:string>
-- !query 14 output
a                   	int                 	this is column a    
b                   	string              	#*02?`              
c                   	int


-- !query 15
ALTER TABLE test_change CHANGE a TYPE INT COMMENT 'this is column a'
-- !query 15 schema
struct<>
-- !query 15 output



-- !query 16
DESC test_change
-- !query 16 schema
struct<col_name:string,data_type:string,comment:string>
-- !query 16 output
a                   	int                 	this is column a    
b                   	string              	#*02?`              
c                   	int


-- !query 17
ALTER TABLE test_change CHANGE invalid_col TYPE INT
-- !query 17 schema
struct<>
-- !query 17 output
org.apache.spark.sql.AnalysisException
Can't find column `invalid_col` given table data columns [`a`, `b`, `c`];


-- !query 18
DESC test_change
-- !query 18 schema
struct<col_name:string,data_type:string,comment:string>
-- !query 18 output
a                   	int                 	this is column a    
b                   	string              	#*02?`              
c                   	int


-- !query 19
CREATE TEMPORARY VIEW temp_view(a, b) AS SELECT 1, "one"
-- !query 19 schema
struct<>
-- !query 19 output



-- !query 20
ALTER TABLE temp_view CHANGE a TYPE INT COMMENT 'this is column a'
-- !query 20 schema
struct<>
-- !query 20 output
org.apache.spark.sql.AnalysisException
Invalid command: 'temp_view' is a view not a table.; line 1 pos 0


-- !query 21
CREATE GLOBAL TEMPORARY VIEW global_temp_view(a, b) AS SELECT 1, "one"
-- !query 21 schema
struct<>
-- !query 21 output



-- !query 22
ALTER TABLE global_temp.global_temp_view CHANGE a TYPE INT COMMENT 'this is column a'
-- !query 22 schema
struct<>
-- !query 22 output
org.apache.spark.sql.AnalysisException
Invalid command: 'global_temp.global_temp_view' is a view not a table.; line 1 pos 0


-- !query 23
DROP TABLE test_change
-- !query 23 schema
struct<>
-- !query 23 output



-- !query 24
DROP VIEW global_temp.global_temp_view
-- !query 24 schema
struct<>
-- !query 24 output

