-- Automatically generated by SQLQueryTestSuite
-- Number of queries: 18


-- !query 0
set spark.sql.legacy.integralDivide.returnBigint=true
-- !query 0 schema
struct<key:string,value:string>
-- !query 0 output
spark.sql.legacy.integralDivide.returnBigint	true


-- !query 1
select 5 div 2
-- !query 1 schema
struct<(5 div 2):bigint>
-- !query 1 output
2


-- !query 2
select 5 div 0
-- !query 2 schema
struct<(5 div 0):bigint>
-- !query 2 output
NULL


-- !query 3
select 5 div null
-- !query 3 schema
struct<(5 div CAST(NULL AS INT)):bigint>
-- !query 3 output
NULL


-- !query 4
select null div 5
-- !query 4 schema
struct<(CAST(NULL AS INT) div 5):bigint>
-- !query 4 output
NULL


-- !query 5
select cast(51 as decimal(10, 0)) div cast(2 as decimal(2, 0))
-- !query 5 schema
struct<(CAST(CAST(51 AS DECIMAL(10,0)) AS DECIMAL(10,0)) div CAST(CAST(2 AS DECIMAL(2,0)) AS DECIMAL(10,0))):bigint>
-- !query 5 output
25


-- !query 6
select cast(5 as decimal(1, 0)) div cast(0 as decimal(2, 0))
-- !query 6 schema
struct<(CAST(CAST(5 AS DECIMAL(1,0)) AS DECIMAL(2,0)) div CAST(CAST(0 AS DECIMAL(2,0)) AS DECIMAL(2,0))):bigint>
-- !query 6 output
NULL


-- !query 7
select cast(5 as decimal(1, 0)) div cast(null as decimal(2, 0))
-- !query 7 schema
struct<(CAST(CAST(5 AS DECIMAL(1,0)) AS DECIMAL(2,0)) div CAST(CAST(NULL AS DECIMAL(2,0)) AS DECIMAL(2,0))):bigint>
-- !query 7 output
NULL


-- !query 8
select cast(null as decimal(1, 0)) div cast(5 as decimal(2, 0))
-- !query 8 schema
struct<(CAST(CAST(NULL AS DECIMAL(1,0)) AS DECIMAL(2,0)) div CAST(CAST(5 AS DECIMAL(2,0)) AS DECIMAL(2,0))):bigint>
-- !query 8 output
NULL


-- !query 9
set spark.sql.legacy.integralDivide.returnBigint=false
-- !query 9 schema
struct<key:string,value:string>
-- !query 9 output
spark.sql.legacy.integralDivide.returnBigint	false


-- !query 10
select 5 div 2
-- !query 10 schema
struct<(5 div 2):int>
-- !query 10 output
2


-- !query 11
select 5 div 0
-- !query 11 schema
struct<(5 div 0):int>
-- !query 11 output
NULL


-- !query 12
select 5 div null
-- !query 12 schema
struct<(5 div CAST(NULL AS INT)):int>
-- !query 12 output
NULL


-- !query 13
select null div 5
-- !query 13 schema
struct<(CAST(NULL AS INT) div 5):int>
-- !query 13 output
NULL


-- !query 14
select cast(51 as decimal(10, 0)) div cast(2 as decimal(2, 0))
-- !query 14 schema
struct<(CAST(CAST(51 AS DECIMAL(10,0)) AS DECIMAL(10,0)) div CAST(CAST(2 AS DECIMAL(2,0)) AS DECIMAL(10,0))):decimal(10,0)>
-- !query 14 output
25


-- !query 15
select cast(5 as decimal(1, 0)) div cast(0 as decimal(2, 0))
-- !query 15 schema
struct<(CAST(CAST(5 AS DECIMAL(1,0)) AS DECIMAL(2,0)) div CAST(CAST(0 AS DECIMAL(2,0)) AS DECIMAL(2,0))):decimal(1,0)>
-- !query 15 output
NULL


-- !query 16
select cast(5 as decimal(1, 0)) div cast(null as decimal(2, 0))
-- !query 16 schema
struct<(CAST(CAST(5 AS DECIMAL(1,0)) AS DECIMAL(2,0)) div CAST(CAST(NULL AS DECIMAL(2,0)) AS DECIMAL(2,0))):decimal(1,0)>
-- !query 16 output
NULL


-- !query 17
select cast(null as decimal(1, 0)) div cast(5 as decimal(2, 0))
-- !query 17 schema
struct<(CAST(CAST(NULL AS DECIMAL(1,0)) AS DECIMAL(2,0)) div CAST(CAST(5 AS DECIMAL(2,0)) AS DECIMAL(2,0))):decimal(1,0)>
-- !query 17 output
NULL
