-- Automatically generated by SQLQueryTestSuite
-- Number of queries: 33


-- !query 0
select concat_ws()
-- !query 0 schema
struct<>
-- !query 0 output
org.apache.spark.sql.AnalysisException
requirement failed: concat_ws requires at least one argument.; line 1 pos 7


-- !query 1
select format_string()
-- !query 1 schema
struct<>
-- !query 1 output
org.apache.spark.sql.AnalysisException
requirement failed: format_string() should take at least 1 argument; line 1 pos 7


-- !query 2
select 'a' || 'b' || 'c'
-- !query 2 schema
struct<concat(concat(a, b), c):string>
-- !query 2 output
abc


-- !query 3
select replace('abc', 'b', '123')
-- !query 3 schema
struct<replace(abc, b, 123):string>
-- !query 3 output
a123c


-- !query 4
select replace('abc', 'b')
-- !query 4 schema
struct<replace(abc, b, ):string>
-- !query 4 output
ac


-- !query 5
select length(uuid()), (uuid() <> uuid())
-- !query 5 schema
struct<length(uuid()):int,(NOT (uuid() = uuid())):boolean>
-- !query 5 output
36	true


-- !query 6
select position('bar' in 'foobarbar'), position(null, 'foobarbar'), position('aaads', null)
-- !query 6 schema
struct<locate(bar, foobarbar, 1):int,locate(CAST(NULL AS STRING), foobarbar, 1):int,locate(aaads, CAST(NULL AS STRING), 1):int>
-- !query 6 output
4	NULL	NULL


-- !query 7
select left("abcd", 2), left("abcd", 5), left("abcd", '2'), left("abcd", null)
-- !query 7 schema
struct<left('abcd', 2):string,left('abcd', 5):string,left('abcd', '2'):string,left('abcd', NULL):string>
-- !query 7 output
ab	abcd	ab	NULL


-- !query 8
select left(null, -2), left("abcd", -2), left("abcd", 0), left("abcd", 'a')
-- !query 8 schema
struct<left(NULL, -2):string,left('abcd', -2):string,left('abcd', 0):string,left('abcd', 'a'):string>
-- !query 8 output
NULL			NULL


-- !query 9
select right("abcd", 2), right("abcd", 5), right("abcd", '2'), right("abcd", null)
-- !query 9 schema
struct<right('abcd', 2):string,right('abcd', 5):string,right('abcd', '2'):string,right('abcd', NULL):string>
-- !query 9 output
cd	abcd	cd	NULL


-- !query 10
select right(null, -2), right("abcd", -2), right("abcd", 0), right("abcd", 'a')
-- !query 10 schema
struct<right(NULL, -2):string,right('abcd', -2):string,right('abcd', 0):string,right('abcd', 'a'):string>
-- !query 10 output
NULL			NULL


-- !query 11
SELECT split('aa1cc2ee3', '[1-9]+')
-- !query 11 schema
struct<split(aa1cc2ee3, [1-9]+, -1):array<string>>
-- !query 11 output
["aa","cc","ee",""]


-- !query 12
SELECT split('aa1cc2ee3', '[1-9]+', 2)
-- !query 12 schema
struct<split(aa1cc2ee3, [1-9]+, 2):array<string>>
-- !query 12 output
["aa","cc2ee3"]


-- !query 13
SELECT substr('Spark SQL', 5)
-- !query 13 schema
struct<substring(Spark SQL, 5, 2147483647):string>
-- !query 13 output
k SQL


-- !query 14
SELECT substr('Spark SQL', -3)
-- !query 14 schema
struct<substring(Spark SQL, -3, 2147483647):string>
-- !query 14 output
SQL


-- !query 15
SELECT substr('Spark SQL', 5, 1)
-- !query 15 schema
struct<substring(Spark SQL, 5, 1):string>
-- !query 15 output
k


-- !query 16
SELECT substr('Spark SQL' from 5)
-- !query 16 schema
struct<substring(Spark SQL, 5, 2147483647):string>
-- !query 16 output
k SQL


-- !query 17
SELECT substr('Spark SQL' from -3)
-- !query 17 schema
struct<substring(Spark SQL, -3, 2147483647):string>
-- !query 17 output
SQL


-- !query 18
SELECT substr('Spark SQL' from 5 for 1)
-- !query 18 schema
struct<substring(Spark SQL, 5, 1):string>
-- !query 18 output
k


-- !query 19
SELECT substring('Spark SQL', 5)
-- !query 19 schema
struct<substring(Spark SQL, 5, 2147483647):string>
-- !query 19 output
k SQL


-- !query 20
SELECT substring('Spark SQL', -3)
-- !query 20 schema
struct<substring(Spark SQL, -3, 2147483647):string>
-- !query 20 output
SQL


-- !query 21
SELECT substring('Spark SQL', 5, 1)
-- !query 21 schema
struct<substring(Spark SQL, 5, 1):string>
-- !query 21 output
k


-- !query 22
SELECT substring('Spark SQL' from 5)
-- !query 22 schema
struct<substring(Spark SQL, 5, 2147483647):string>
-- !query 22 output
k SQL


-- !query 23
SELECT substring('Spark SQL' from -3)
-- !query 23 schema
struct<substring(Spark SQL, -3, 2147483647):string>
-- !query 23 output
SQL


-- !query 24
SELECT substring('Spark SQL' from 5 for 1)
-- !query 24 schema
struct<substring(Spark SQL, 5, 1):string>
-- !query 24 output
k


-- !query 25
SELECT trim('yxTomxx', 'xyz'), trim(BOTH 'xyz' FROM 'yxTomxx'), trim('xyz' FROM 'yxTomxx')
-- !query 25 schema
struct<trim(yxTomxx, xyz):string,trim(yxTomxx, xyz):string,trim(yxTomxx, xyz):string>
-- !query 25 output
Tom	Tom	Tom


-- !query 26
SELECT trim('xxxbarxxx', 'x'), trim(BOTH 'x' FROM 'xxxbarxxx'), trim('x' FROM 'xxxbarxxx')
-- !query 26 schema
struct<trim(xxxbarxxx, x):string,trim(xxxbarxxx, x):string,trim(xxxbarxxx, x):string>
-- !query 26 output
bar	bar	bar


-- !query 27
SELECT ltrim('zzzytest', 'xyz'), trim(LEADING 'xyz' FROM 'zzzytest')
-- !query 27 schema
struct<ltrim(zzzytest, xyz):string,ltrim(zzzytest, xyz):string>
-- !query 27 output
test	test


-- !query 28
SELECT ltrim('zzzytestxyz', 'xyz'), trim(LEADING 'xyz' FROM 'zzzytestxyz')
-- !query 28 schema
struct<ltrim(zzzytestxyz, xyz):string,ltrim(zzzytestxyz, xyz):string>
-- !query 28 output
testxyz	testxyz


-- !query 29
SELECT ltrim('xyxXxyLAST WORD', 'xy'), trim(LEADING 'xy' FROM 'xyxXxyLAST WORD')
-- !query 29 schema
struct<ltrim(xyxXxyLAST WORD, xy):string,ltrim(xyxXxyLAST WORD, xy):string>
-- !query 29 output
XxyLAST WORD	XxyLAST WORD


-- !query 30
SELECT rtrim('testxxzx', 'xyz'), trim(TRAILING 'xyz' FROM 'testxxzx')
-- !query 30 schema
struct<rtrim(testxxzx, xyz):string,rtrim(testxxzx, xyz):string>
-- !query 30 output
test	test


-- !query 31
SELECT rtrim('xyztestxxzx', 'xyz'), trim(TRAILING 'xyz' FROM 'xyztestxxzx')
-- !query 31 schema
struct<rtrim(xyztestxxzx, xyz):string,rtrim(xyztestxxzx, xyz):string>
-- !query 31 output
xyztest	xyztest


-- !query 32
SELECT rtrim('TURNERyxXxy', 'xy'), trim(TRAILING 'xy' FROM 'TURNERyxXxy')
-- !query 32 schema
struct<rtrim(TURNERyxXxy, xy):string,rtrim(TURNERyxXxy, xy):string>
-- !query 32 output
TURNERyxX	TURNERyxX
