-- Automatically generated by SQLQueryTestSuite
-- Number of queries: 44


-- !query 0
SELECT avg(four) AS avg_1 FROM onek
-- !query 0 schema
struct<avg_1:double>
-- !query 0 output
1.5


-- !query 1
SELECT avg(a) AS avg_32 FROM aggtest WHERE a < 100
-- !query 1 schema
struct<avg_32:double>
-- !query 1 output
32.666666666666664


-- !query 2
select CAST(avg(b) AS Decimal(10,3)) AS avg_107_943 FROM aggtest
-- !query 2 schema
struct<avg_107_943:decimal(10,3)>
-- !query 2 output
107.943


-- !query 3
SELECT sum(four) AS sum_1500 FROM onek
-- !query 3 schema
struct<sum_1500:bigint>
-- !query 3 output
1500


-- !query 4
SELECT sum(a) AS sum_198 FROM aggtest
-- !query 4 schema
struct<sum_198:bigint>
-- !query 4 output
198


-- !query 5
SELECT sum(b) AS avg_431_773 FROM aggtest
-- !query 5 schema
struct<avg_431_773:double>
-- !query 5 output
431.77260909229517


-- !query 6
SELECT max(four) AS max_3 FROM onek
-- !query 6 schema
struct<max_3:int>
-- !query 6 output
3


-- !query 7
SELECT max(a) AS max_100 FROM aggtest
-- !query 7 schema
struct<max_100:int>
-- !query 7 output
100


-- !query 8
SELECT max(aggtest.b) AS max_324_78 FROM aggtest
-- !query 8 schema
struct<max_324_78:float>
-- !query 8 output
324.78


-- !query 9
SELECT stddev_pop(b) FROM aggtest
-- !query 9 schema
struct<stddev_pop(CAST(b AS DOUBLE)):double>
-- !query 9 output
131.10703231895047


-- !query 10
SELECT stddev_samp(b) FROM aggtest
-- !query 10 schema
struct<stddev_samp(CAST(b AS DOUBLE)):double>
-- !query 10 output
151.38936080399804


-- !query 11
SELECT var_pop(b) FROM aggtest
-- !query 11 schema
struct<var_pop(CAST(b AS DOUBLE)):double>
-- !query 11 output
17189.053923482323


-- !query 12
SELECT var_samp(b) FROM aggtest
-- !query 12 schema
struct<var_samp(CAST(b AS DOUBLE)):double>
-- !query 12 output
22918.738564643096


-- !query 13
SELECT stddev_pop(CAST(b AS Decimal(38,0))) FROM aggtest
-- !query 13 schema
struct<stddev_pop(CAST(CAST(b AS DECIMAL(38,0)) AS DOUBLE)):double>
-- !query 13 output
131.18117242958306


-- !query 14
SELECT stddev_samp(CAST(b AS Decimal(38,0))) FROM aggtest
-- !query 14 schema
struct<stddev_samp(CAST(CAST(b AS DECIMAL(38,0)) AS DOUBLE)):double>
-- !query 14 output
151.47497042966097


-- !query 15
SELECT var_pop(CAST(b AS Decimal(38,0))) FROM aggtest
-- !query 15 schema
struct<var_pop(CAST(CAST(b AS DECIMAL(38,0)) AS DOUBLE)):double>
-- !query 15 output
17208.5


-- !query 16
SELECT var_samp(CAST(b AS Decimal(38,0))) FROM aggtest
-- !query 16 schema
struct<var_samp(CAST(CAST(b AS DECIMAL(38,0)) AS DOUBLE)):double>
-- !query 16 output
22944.666666666668


-- !query 17
SELECT var_pop(1.0), var_samp(2.0)
-- !query 17 schema
struct<var_pop(CAST(1.0 AS DOUBLE)):double,var_samp(CAST(2.0 AS DOUBLE)):double>
-- !query 17 output
0.0	NaN


-- !query 18
SELECT stddev_pop(CAST(3.0 AS Decimal(38,0))), stddev_samp(CAST(4.0 AS Decimal(38,0)))
-- !query 18 schema
struct<stddev_pop(CAST(CAST(3.0 AS DECIMAL(38,0)) AS DOUBLE)):double,stddev_samp(CAST(CAST(4.0 AS DECIMAL(38,0)) AS DOUBLE)):double>
-- !query 18 output
0.0	NaN


-- !query 19
select sum(CAST(null AS int)) from range(1,4)
-- !query 19 schema
struct<sum(CAST(NULL AS INT)):bigint>
-- !query 19 output
NULL


-- !query 20
select sum(CAST(null AS long)) from range(1,4)
-- !query 20 schema
struct<sum(CAST(NULL AS BIGINT)):bigint>
-- !query 20 output
NULL


-- !query 21
select sum(CAST(null AS Decimal(38,0))) from range(1,4)
-- !query 21 schema
struct<sum(CAST(NULL AS DECIMAL(38,0))):decimal(38,0)>
-- !query 21 output
NULL


-- !query 22
select sum(CAST(null AS DOUBLE)) from range(1,4)
-- !query 22 schema
struct<sum(CAST(NULL AS DOUBLE)):double>
-- !query 22 output
NULL


-- !query 23
select avg(CAST(null AS int)) from range(1,4)
-- !query 23 schema
struct<avg(CAST(NULL AS INT)):double>
-- !query 23 output
NULL


-- !query 24
select avg(CAST(null AS long)) from range(1,4)
-- !query 24 schema
struct<avg(CAST(NULL AS BIGINT)):double>
-- !query 24 output
NULL


-- !query 25
select avg(CAST(null AS Decimal(38,0))) from range(1,4)
-- !query 25 schema
struct<avg(CAST(NULL AS DECIMAL(38,0))):decimal(38,4)>
-- !query 25 output
NULL


-- !query 26
select avg(CAST(null AS DOUBLE)) from range(1,4)
-- !query 26 schema
struct<avg(CAST(NULL AS DOUBLE)):double>
-- !query 26 output
NULL


-- !query 27
select sum(CAST('NaN' AS DOUBLE)) from range(1,4)
-- !query 27 schema
struct<sum(CAST(NaN AS DOUBLE)):double>
-- !query 27 output
NaN


-- !query 28
select avg(CAST('NaN' AS DOUBLE)) from range(1,4)
-- !query 28 schema
struct<avg(CAST(NaN AS DOUBLE)):double>
-- !query 28 output
NaN


-- !query 29
SELECT avg(CAST(x AS DOUBLE)), var_pop(CAST(x AS DOUBLE))
FROM (VALUES (CAST('1' AS DOUBLE)), (CAST('infinity' AS DOUBLE))) v(x)
-- !query 29 schema
struct<avg(CAST(x AS DOUBLE)):double,var_pop(CAST(x AS DOUBLE)):double>
-- !query 29 output
Infinity	NaN


-- !query 30
SELECT avg(CAST(x AS DOUBLE)), var_pop(CAST(x AS DOUBLE))
FROM (VALUES ('infinity'), ('1')) v(x)
-- !query 30 schema
struct<avg(CAST(x AS DOUBLE)):double,var_pop(CAST(x AS DOUBLE)):double>
-- !query 30 output
Infinity	NaN


-- !query 31
SELECT avg(CAST(x AS DOUBLE)), var_pop(CAST(x AS DOUBLE))
FROM (VALUES ('infinity'), ('infinity')) v(x)
-- !query 31 schema
struct<avg(CAST(x AS DOUBLE)):double,var_pop(CAST(x AS DOUBLE)):double>
-- !query 31 output
Infinity	NaN


-- !query 32
SELECT avg(CAST(x AS DOUBLE)), var_pop(CAST(x AS DOUBLE))
FROM (VALUES ('-infinity'), ('infinity')) v(x)
-- !query 32 schema
struct<avg(CAST(x AS DOUBLE)):double,var_pop(CAST(x AS DOUBLE)):double>
-- !query 32 output
NaN	NaN


-- !query 33
SELECT avg(CAST(x AS DOUBLE)), var_pop(CAST(x AS DOUBLE))
FROM (VALUES (100000003), (100000004), (100000006), (100000007)) v(x)
-- !query 33 schema
struct<avg(CAST(x AS DOUBLE)):double,var_pop(CAST(x AS DOUBLE)):double>
-- !query 33 output
1.00000005E8	2.5


-- !query 34
SELECT avg(CAST(x AS DOUBLE)), var_pop(CAST(x AS DOUBLE))
FROM (VALUES (7000000000005), (7000000000007)) v(x)
-- !query 34 schema
struct<avg(CAST(x AS DOUBLE)):double,var_pop(CAST(x AS DOUBLE)):double>
-- !query 34 output
7.000000000006E12	1.0


-- !query 35
SELECT covar_pop(b, a), covar_samp(b, a) FROM aggtest
-- !query 35 schema
struct<covar_pop(CAST(b AS DOUBLE), CAST(a AS DOUBLE)):double,covar_samp(CAST(b AS DOUBLE), CAST(a AS DOUBLE)):double>
-- !query 35 output
653.6289553875104	871.5052738500139


-- !query 36
SELECT corr(b, a) FROM aggtest
-- !query 36 schema
struct<corr(CAST(b AS DOUBLE), CAST(a AS DOUBLE)):double>
-- !query 36 output
0.1396345165178734


-- !query 37
SELECT count(four) AS cnt_1000 FROM onek
-- !query 37 schema
struct<cnt_1000:bigint>
-- !query 37 output
1000


-- !query 38
SELECT count(DISTINCT four) AS cnt_4 FROM onek
-- !query 38 schema
struct<cnt_4:bigint>
-- !query 38 output
4


-- !query 39
select ten, count(*), sum(four) from onek
group by ten order by ten
-- !query 39 schema
struct<ten:int,count(1):bigint,sum(four):bigint>
-- !query 39 output
0	100	100
1	100	200
2	100	100
3	100	200
4	100	100
5	100	200
6	100	100
7	100	200
8	100	100
9	100	200


-- !query 40
select ten, count(four), sum(DISTINCT four) from onek
group by ten order by ten
-- !query 40 schema
struct<ten:int,count(four):bigint,sum(DISTINCT four):bigint>
-- !query 40 output
0	100	2
1	100	4
2	100	2
3	100	4
4	100	2
5	100	4
6	100	2
7	100	4
8	100	2
9	100	4


-- !query 41
select ten, sum(distinct four) from onek a
group by ten
having exists (select 1 from onek b where sum(distinct a.four) = b.four)
-- !query 41 schema
struct<ten:int,sum(DISTINCT four):bigint>
-- !query 41 output
0	2
2	2
4	2
6	2
8	2


-- !query 42
select ten, sum(distinct four) from onek a
group by ten
having exists (select 1 from onek b
               where sum(distinct a.four + b.four) = b.four)
-- !query 42 schema
struct<>
-- !query 42 output
org.apache.spark.sql.AnalysisException

Aggregate/Window/Generate expressions are not valid in where clause of the query.
Expression in where clause: [(sum(DISTINCT CAST((outer() + b.`four`) AS BIGINT)) = CAST(b.`four` AS BIGINT))]
Invalid expressions: [sum(DISTINCT CAST((outer() + b.`four`) AS BIGINT))];


-- !query 43
select
  (select max((select i.unique2 from tenk1 i where i.unique1 = o.unique1)))
from tenk1 o
-- !query 43 schema
struct<>
-- !query 43 output
org.apache.spark.sql.AnalysisException
cannot resolve '`o.unique1`' given input columns: [i.even, i.fivethous, i.four, i.hundred, i.odd, i.string4, i.stringu1, i.stringu2, i.ten, i.tenthous, i.thousand, i.twenty, i.two, i.twothousand, i.unique1, i.unique2]; line 2 pos 63
