-- Automatically generated by SQLQueryTestSuite
-- Number of queries: 35


-- !query 0
CREATE TABLE CASE_TBL (
  i integer,
  f double
) USING parquet
-- !query 0 schema
struct<>
-- !query 0 output



-- !query 1
CREATE TABLE CASE2_TBL (
  i integer,
  j integer
) USING parquet
-- !query 1 schema
struct<>
-- !query 1 output



-- !query 2
INSERT INTO CASE_TBL VALUES (1, 10.1)
-- !query 2 schema
struct<>
-- !query 2 output



-- !query 3
INSERT INTO CASE_TBL VALUES (2, 20.2)
-- !query 3 schema
struct<>
-- !query 3 output



-- !query 4
INSERT INTO CASE_TBL VALUES (3, -30.3)
-- !query 4 schema
struct<>
-- !query 4 output



-- !query 5
INSERT INTO CASE_TBL VALUES (4, NULL)
-- !query 5 schema
struct<>
-- !query 5 output



-- !query 6
INSERT INTO CASE2_TBL VALUES (1, -1)
-- !query 6 schema
struct<>
-- !query 6 output



-- !query 7
INSERT INTO CASE2_TBL VALUES (2, -2)
-- !query 7 schema
struct<>
-- !query 7 output



-- !query 8
INSERT INTO CASE2_TBL VALUES (3, -3)
-- !query 8 schema
struct<>
-- !query 8 output



-- !query 9
INSERT INTO CASE2_TBL VALUES (2, -4)
-- !query 9 schema
struct<>
-- !query 9 output



-- !query 10
INSERT INTO CASE2_TBL VALUES (1, NULL)
-- !query 10 schema
struct<>
-- !query 10 output



-- !query 11
INSERT INTO CASE2_TBL VALUES (NULL, -6)
-- !query 11 schema
struct<>
-- !query 11 output



-- !query 12
SELECT '3' AS `One`,
  CASE
    WHEN 1 < 2 THEN 3
  END AS `Simple WHEN`
-- !query 12 schema
struct<One:string,Simple WHEN:int>
-- !query 12 output
3	3


-- !query 13
SELECT '<NULL>' AS `One`,
  CASE
    WHEN 1 > 2 THEN 3
  END AS `Simple default`
-- !query 13 schema
struct<One:string,Simple default:int>
-- !query 13 output
<NULL>	NULL


-- !query 14
SELECT '3' AS `One`,
  CASE
    WHEN 1 < 2 THEN 3
    ELSE 4
  END AS `Simple ELSE`
-- !query 14 schema
struct<One:string,Simple ELSE:int>
-- !query 14 output
3	3


-- !query 15
SELECT '4' AS `One`,
  CASE
    WHEN 1 > 2 THEN 3
    ELSE 4
  END AS `ELSE default`
-- !query 15 schema
struct<One:string,ELSE default:int>
-- !query 15 output
4	4


-- !query 16
SELECT '6' AS `One`,
  CASE
    WHEN 1 > 2 THEN 3
    WHEN 4 < 5 THEN 6
    ELSE 7
  END AS `Two WHEN with default`
-- !query 16 schema
struct<One:string,Two WHEN with default:int>
-- !query 16 output
6	6


-- !query 17
SELECT '7' AS `None`,
  CASE WHEN rand() < 0 THEN 1
  END AS `NULL on no matches`
-- !query 17 schema
struct<None:string,NULL on no matches:int>
-- !query 17 output
7	NULL


-- !query 18
SELECT CASE WHEN 1=0 THEN 1/0 WHEN 1=1 THEN 1 ELSE 2/0 END
-- !query 18 schema
struct<CASE WHEN (1 = 0) THEN (1 div 0) WHEN (1 = 1) THEN 1 ELSE (2 div 0) END:int>
-- !query 18 output
1


-- !query 19
SELECT CASE 1 WHEN 0 THEN 1/0 WHEN 1 THEN 1 ELSE 2/0 END
-- !query 19 schema
struct<CASE WHEN (1 = 0) THEN (1 div 0) WHEN (1 = 1) THEN 1 ELSE (2 div 0) END:int>
-- !query 19 output
1


-- !query 20
SELECT CASE WHEN i > 100 THEN 1/0 ELSE 0 END FROM case_tbl
-- !query 20 schema
struct<CASE WHEN (i > 100) THEN (1 div 0) ELSE 0 END:int>
-- !query 20 output
0
0
0
0


-- !query 21
SELECT CASE 'a' WHEN 'a' THEN 1 ELSE 2 END
-- !query 21 schema
struct<CASE WHEN (a = a) THEN 1 ELSE 2 END:int>
-- !query 21 output
1


-- !query 22
SELECT '' AS `Five`,
  CASE
    WHEN i >= 3 THEN i
  END AS `>= 3 or Null`
  FROM CASE_TBL
-- !query 22 schema
struct<Five:string,>= 3 or Null:int>
-- !query 22 output
	3
	4
	NULL
	NULL


-- !query 23
SELECT '' AS `Five`,
  CASE WHEN i >= 3 THEN (i + i)
       ELSE i
  END AS `Simplest Math`
  FROM CASE_TBL
-- !query 23 schema
struct<Five:string,Simplest Math:int>
-- !query 23 output
	1
	2
	6
	8


-- !query 24
SELECT '' AS `Five`, i AS `Value`,
  CASE WHEN (i < 0) THEN 'small'
       WHEN (i = 0) THEN 'zero'
       WHEN (i = 1) THEN 'one'
       WHEN (i = 2) THEN 'two'
       ELSE 'big'
  END AS `Category`
  FROM CASE_TBL
-- !query 24 schema
struct<Five:string,Value:int,Category:string>
-- !query 24 output
	1	one
	2	two
	3	big
	4	big


-- !query 25
SELECT '' AS `Five`,
  CASE WHEN ((i < 0) or (i < 0)) THEN 'small'
       WHEN ((i = 0) or (i = 0)) THEN 'zero'
       WHEN ((i = 1) or (i = 1)) THEN 'one'
       WHEN ((i = 2) or (i = 2)) THEN 'two'
       ELSE 'big'
  END AS `Category`
  FROM CASE_TBL
-- !query 25 schema
struct<Five:string,Category:string>
-- !query 25 output
	big
	big
	one
	two


-- !query 26
SELECT * FROM CASE_TBL WHERE COALESCE(f,i) = 4
-- !query 26 schema
struct<i:int,f:double>
-- !query 26 output
4	NULL


-- !query 27
SELECT * FROM CASE_TBL WHERE NULLIF(f,i) = 2
-- !query 27 schema
struct<i:int,f:double>
-- !query 27 output



-- !query 28
SELECT COALESCE(a.f, b.i, b.j)
  FROM CASE_TBL a, CASE2_TBL b
-- !query 28 schema
struct<coalesce(f, CAST(i AS DOUBLE), CAST(j AS DOUBLE)):double>
-- !query 28 output
-30.3
-30.3
-30.3
-30.3
-30.3
-30.3
-6.0
1.0
1.0
10.1
10.1
10.1
10.1
10.1
10.1
2.0
2.0
20.2
20.2
20.2
20.2
20.2
20.2
3.0


-- !query 29
SELECT *
  FROM CASE_TBL a, CASE2_TBL b
  WHERE COALESCE(a.f, b.i, b.j) = 2
-- !query 29 schema
struct<i:int,f:double,i:int,j:int>
-- !query 29 output
4	NULL	2	-2
4	NULL	2	-4


-- !query 30
SELECT '' AS Five, NULLIF(a.i,b.i) AS `NULLIF(a.i,b.i)`,
  NULLIF(b.i, 4) AS `NULLIF(b.i,4)`
  FROM CASE_TBL a, CASE2_TBL b
-- !query 30 schema
struct<Five:string,NULLIF(a.i,b.i):int,NULLIF(b.i,4):int>
-- !query 30 output
	1	2
	1	2
	1	3
	1	NULL
	2	1
	2	1
	2	3
	2	NULL
	3	1
	3	1
	3	2
	3	2
	3	NULL
	4	1
	4	1
	4	2
	4	2
	4	3
	4	NULL
	NULL	1
	NULL	1
	NULL	2
	NULL	2
	NULL	3


-- !query 31
SELECT '' AS `Two`, *
  FROM CASE_TBL a, CASE2_TBL b
  WHERE COALESCE(f,b.i) = 2
-- !query 31 schema
struct<Two:string,i:int,f:double,i:int,j:int>
-- !query 31 output
	4	NULL	2	-2
	4	NULL	2	-4


-- !query 32
SELECT CASE
  (CASE vol('bar')
    WHEN 'foo' THEN 'it was foo!'
    WHEN vol(null) THEN 'null input'
    WHEN 'bar' THEN 'it was bar!' END
  )
  WHEN 'it was foo!' THEN 'foo recognized'
  WHEN 'it was bar!' THEN 'bar recognized'
  ELSE 'unrecognized' END
-- !query 32 schema
struct<CASE WHEN (CASE WHEN (vol(bar) = foo) THEN it was foo! WHEN (vol(bar) = vol(null)) THEN null input WHEN (vol(bar) = bar) THEN it was bar! END = it was foo!) THEN foo recognized WHEN (CASE WHEN (vol(bar) = foo) THEN it was foo! WHEN (vol(bar) = vol(null)) THEN null input WHEN (vol(bar) = bar) THEN it was bar! END = it was bar!) THEN bar recognized ELSE unrecognized END:string>
-- !query 32 output
bar recognized


-- !query 33
DROP TABLE CASE_TBL
-- !query 33 schema
struct<>
-- !query 33 output



-- !query 34
DROP TABLE CASE2_TBL
-- !query 34 schema
struct<>
-- !query 34 output

