-- Automatically generated by SQLQueryTestSuite
-- Number of queries: 98


-- !query 0
CREATE TABLE DATE_TBL (f1 date) USING parquet
-- !query 0 schema
struct<>
-- !query 0 output



-- !query 1
INSERT INTO DATE_TBL VALUES ('1957-04-09')
-- !query 1 schema
struct<>
-- !query 1 output



-- !query 2
INSERT INTO DATE_TBL VALUES ('1957-06-13')
-- !query 2 schema
struct<>
-- !query 2 output



-- !query 3
INSERT INTO DATE_TBL VALUES ('1996-02-28')
-- !query 3 schema
struct<>
-- !query 3 output



-- !query 4
INSERT INTO DATE_TBL VALUES ('1996-02-29')
-- !query 4 schema
struct<>
-- !query 4 output



-- !query 5
INSERT INTO DATE_TBL VALUES ('1996-03-01')
-- !query 5 schema
struct<>
-- !query 5 output



-- !query 6
INSERT INTO DATE_TBL VALUES ('1996-03-02')
-- !query 6 schema
struct<>
-- !query 6 output



-- !query 7
INSERT INTO DATE_TBL VALUES ('1997-02-28')
-- !query 7 schema
struct<>
-- !query 7 output



-- !query 8
INSERT INTO DATE_TBL VALUES ('1997-03-01')
-- !query 8 schema
struct<>
-- !query 8 output



-- !query 9
INSERT INTO DATE_TBL VALUES ('1997-03-02')
-- !query 9 schema
struct<>
-- !query 9 output



-- !query 10
INSERT INTO DATE_TBL VALUES ('2000-04-01')
-- !query 10 schema
struct<>
-- !query 10 output



-- !query 11
INSERT INTO DATE_TBL VALUES ('2000-04-02')
-- !query 11 schema
struct<>
-- !query 11 output



-- !query 12
INSERT INTO DATE_TBL VALUES ('2000-04-03')
-- !query 12 schema
struct<>
-- !query 12 output



-- !query 13
INSERT INTO DATE_TBL VALUES ('2038-04-08')
-- !query 13 schema
struct<>
-- !query 13 output



-- !query 14
INSERT INTO DATE_TBL VALUES ('2039-04-09')
-- !query 14 schema
struct<>
-- !query 14 output



-- !query 15
INSERT INTO DATE_TBL VALUES ('2040-04-10')
-- !query 15 schema
struct<>
-- !query 15 output



-- !query 16
SELECT f1 AS `Fifteen` FROM DATE_TBL
-- !query 16 schema
struct<Fifteen:date>
-- !query 16 output
1957-04-09
1957-06-13
1996-02-28
1996-02-29
1996-03-01
1996-03-02
1997-02-28
1997-03-01
1997-03-02
2000-04-01
2000-04-02
2000-04-03
2038-04-08
2039-04-09
2040-04-10


-- !query 17
SELECT f1 AS `Nine` FROM DATE_TBL WHERE f1 < '2000-01-01'
-- !query 17 schema
struct<Nine:date>
-- !query 17 output
1957-04-09
1957-06-13
1996-02-28
1996-02-29
1996-03-01
1996-03-02
1997-02-28
1997-03-01
1997-03-02


-- !query 18
SELECT f1 AS `Three` FROM DATE_TBL
  WHERE f1 BETWEEN '2000-01-01' AND '2001-01-01'
-- !query 18 schema
struct<Three:date>
-- !query 18 output
2000-04-01
2000-04-02
2000-04-03


-- !query 19
SELECT date '1999-01-08'
-- !query 19 schema
struct<DATE '1999-01-08':date>
-- !query 19 output
1999-01-08


-- !query 20
SELECT date '1999-01-18'
-- !query 20 schema
struct<DATE '1999-01-18':date>
-- !query 20 output
1999-01-18


-- !query 21
SELECT date '1999 Jan 08'
-- !query 21 schema
struct<>
-- !query 21 output
org.apache.spark.sql.catalyst.parser.ParseException

Cannot parse the DATE value: 1999 Jan 08(line 1, pos 7)

== SQL ==
SELECT date '1999 Jan 08'
-------^^^


-- !query 22
SELECT date '1999 08 Jan'
-- !query 22 schema
struct<>
-- !query 22 output
org.apache.spark.sql.catalyst.parser.ParseException

Cannot parse the DATE value: 1999 08 Jan(line 1, pos 7)

== SQL ==
SELECT date '1999 08 Jan'
-------^^^


-- !query 23
SELECT date '1999-01-08'
-- !query 23 schema
struct<DATE '1999-01-08':date>
-- !query 23 output
1999-01-08


-- !query 24
SELECT date '1999-08-01'
-- !query 24 schema
struct<DATE '1999-08-01':date>
-- !query 24 output
1999-08-01


-- !query 25
SELECT date '1999 01 08'
-- !query 25 schema
struct<>
-- !query 25 output
org.apache.spark.sql.catalyst.parser.ParseException

Cannot parse the DATE value: 1999 01 08(line 1, pos 7)

== SQL ==
SELECT date '1999 01 08'
-------^^^


-- !query 26
SELECT date '1999 08 01'
-- !query 26 schema
struct<>
-- !query 26 output
org.apache.spark.sql.catalyst.parser.ParseException

Cannot parse the DATE value: 1999 08 01(line 1, pos 7)

== SQL ==
SELECT date '1999 08 01'
-------^^^


-- !query 27
SELECT date '1999-01-08'
-- !query 27 schema
struct<DATE '1999-01-08':date>
-- !query 27 output
1999-01-08


-- !query 28
SELECT date '1999 Jan 08'
-- !query 28 schema
struct<>
-- !query 28 output
org.apache.spark.sql.catalyst.parser.ParseException

Cannot parse the DATE value: 1999 Jan 08(line 1, pos 7)

== SQL ==
SELECT date '1999 Jan 08'
-------^^^


-- !query 29
SELECT date '1999 08 Jan'
-- !query 29 schema
struct<>
-- !query 29 output
org.apache.spark.sql.catalyst.parser.ParseException

Cannot parse the DATE value: 1999 08 Jan(line 1, pos 7)

== SQL ==
SELECT date '1999 08 Jan'
-------^^^


-- !query 30
SELECT date '1999-01-08'
-- !query 30 schema
struct<DATE '1999-01-08':date>
-- !query 30 output
1999-01-08


-- !query 31
SELECT date '1999-08-01'
-- !query 31 schema
struct<DATE '1999-08-01':date>
-- !query 31 output
1999-08-01


-- !query 32
SELECT date '1999 01 08'
-- !query 32 schema
struct<>
-- !query 32 output
org.apache.spark.sql.catalyst.parser.ParseException

Cannot parse the DATE value: 1999 01 08(line 1, pos 7)

== SQL ==
SELECT date '1999 01 08'
-------^^^


-- !query 33
SELECT date '1999 08 01'
-- !query 33 schema
struct<>
-- !query 33 output
org.apache.spark.sql.catalyst.parser.ParseException

Cannot parse the DATE value: 1999 08 01(line 1, pos 7)

== SQL ==
SELECT date '1999 08 01'
-------^^^


-- !query 34
SELECT date '1999-01-08'
-- !query 34 schema
struct<DATE '1999-01-08':date>
-- !query 34 output
1999-01-08


-- !query 35
SELECT date '1999-01-18'
-- !query 35 schema
struct<DATE '1999-01-18':date>
-- !query 35 output
1999-01-18


-- !query 36
SELECT date '1999 Jan 08'
-- !query 36 schema
struct<>
-- !query 36 output
org.apache.spark.sql.catalyst.parser.ParseException

Cannot parse the DATE value: 1999 Jan 08(line 1, pos 7)

== SQL ==
SELECT date '1999 Jan 08'
-------^^^


-- !query 37
SELECT date '1999 08 Jan'
-- !query 37 schema
struct<>
-- !query 37 output
org.apache.spark.sql.catalyst.parser.ParseException

Cannot parse the DATE value: 1999 08 Jan(line 1, pos 7)

== SQL ==
SELECT date '1999 08 Jan'
-------^^^


-- !query 38
SELECT date '1999-01-08'
-- !query 38 schema
struct<DATE '1999-01-08':date>
-- !query 38 output
1999-01-08


-- !query 39
SELECT date '1999-08-01'
-- !query 39 schema
struct<DATE '1999-08-01':date>
-- !query 39 output
1999-08-01


-- !query 40
SELECT date '1999 01 08'
-- !query 40 schema
struct<>
-- !query 40 output
org.apache.spark.sql.catalyst.parser.ParseException

Cannot parse the DATE value: 1999 01 08(line 1, pos 7)

== SQL ==
SELECT date '1999 01 08'
-------^^^


-- !query 41
SELECT date '1999 08 01'
-- !query 41 schema
struct<>
-- !query 41 output
org.apache.spark.sql.catalyst.parser.ParseException

Cannot parse the DATE value: 1999 08 01(line 1, pos 7)

== SQL ==
SELECT date '1999 08 01'
-------^^^


-- !query 42
SELECT date '4714-11-24 BC'
-- !query 42 schema
struct<DATE '4714-11-24':date>
-- !query 42 output
4714-11-24


-- !query 43
SELECT date '4714-11-23 BC'
-- !query 43 schema
struct<DATE '4714-11-23':date>
-- !query 43 output
4714-11-23


-- !query 44
SELECT date '5874897-12-31'
-- !query 44 schema
struct<>
-- !query 44 output
org.apache.spark.sql.catalyst.parser.ParseException

Cannot parse the DATE value: 5874897-12-31(line 1, pos 7)

== SQL ==
SELECT date '5874897-12-31'
-------^^^


-- !query 45
SELECT date '5874898-01-01'
-- !query 45 schema
struct<>
-- !query 45 output
org.apache.spark.sql.catalyst.parser.ParseException

Cannot parse the DATE value: 5874898-01-01(line 1, pos 7)

== SQL ==
SELECT date '5874898-01-01'
-------^^^


-- !query 46
SELECT f1 - date '2000-01-01' AS `Days From 2K` FROM DATE_TBL
-- !query 46 schema
struct<Days From 2K:int>
-- !query 46 output
-1035
-1036
-1037
-1400
-1401
-1402
-1403
-15542
-15607
13977
14343
14710
91
92
93


-- !query 47
SELECT f1 - date 'epoch' AS `Days From Epoch` FROM DATE_TBL
-- !query 47 schema
struct<Days From Epoch:int>
-- !query 47 output
-4585
-4650
11048
11049
11050
24934
25300
25667
9554
9555
9556
9557
9920
9921
9922


-- !query 48
SELECT date 'yesterday' - date 'today' AS `One day`
-- !query 48 schema
struct<One day:int>
-- !query 48 output
-1


-- !query 49
SELECT date 'today' - date 'tomorrow' AS `One day`
-- !query 49 schema
struct<One day:int>
-- !query 49 output
-1


-- !query 50
SELECT date 'yesterday' - date 'tomorrow' AS `Two days`
-- !query 50 schema
struct<Two days:int>
-- !query 50 output
-2


-- !query 51
SELECT date 'tomorrow' - date 'today' AS `One day`
-- !query 51 schema
struct<One day:int>
-- !query 51 output
1


-- !query 52
SELECT date 'today' - date 'yesterday' AS `One day`
-- !query 52 schema
struct<One day:int>
-- !query 52 output
1


-- !query 53
SELECT date 'tomorrow' - date 'yesterday' AS `Two days`
-- !query 53 schema
struct<Two days:int>
-- !query 53 output
2


-- !query 54
SELECT EXTRACT(EPOCH FROM DATE        '1970-01-01')
-- !query 54 schema
struct<date_part('EPOCH', DATE '1970-01-01'):decimal(20,6)>
-- !query 54 output
0


-- !query 55
SELECT EXTRACT(EPOCH FROM TIMESTAMP   '1970-01-01')
-- !query 55 schema
struct<date_part('EPOCH', TIMESTAMP('1970-01-01 00:00:00')):decimal(20,6)>
-- !query 55 output
0


-- !query 56
SELECT EXTRACT(CENTURY FROM TO_DATE('0101-12-31 BC', 'yyyy-MM-dd G'))
-- !query 56 schema
struct<date_part('CENTURY', TO_DATE('0101-12-31 BC', 'yyyy-MM-dd G')):int>
-- !query 56 output
-2


-- !query 57
SELECT EXTRACT(CENTURY FROM TO_DATE('0100-12-31 BC', 'yyyy-MM-dd G'))
-- !query 57 schema
struct<date_part('CENTURY', TO_DATE('0100-12-31 BC', 'yyyy-MM-dd G')):int>
-- !query 57 output
-1


-- !query 58
SELECT EXTRACT(CENTURY FROM TO_DATE('0001-12-31 BC', 'yyyy-MM-dd G'))
-- !query 58 schema
struct<date_part('CENTURY', TO_DATE('0001-12-31 BC', 'yyyy-MM-dd G')):int>
-- !query 58 output
-1


-- !query 59
SELECT EXTRACT(CENTURY FROM DATE '0001-01-01')
-- !query 59 schema
struct<date_part('CENTURY', DATE '0001-01-01'):int>
-- !query 59 output
1


-- !query 60
SELECT EXTRACT(CENTURY FROM DATE '0001-01-01 AD')
-- !query 60 schema
struct<date_part('CENTURY', DATE '0001-01-01'):int>
-- !query 60 output
1


-- !query 61
SELECT EXTRACT(CENTURY FROM DATE '1900-12-31')
-- !query 61 schema
struct<date_part('CENTURY', DATE '1900-12-31'):int>
-- !query 61 output
19


-- !query 62
SELECT EXTRACT(CENTURY FROM DATE '1901-01-01')
-- !query 62 schema
struct<date_part('CENTURY', DATE '1901-01-01'):int>
-- !query 62 output
20


-- !query 63
SELECT EXTRACT(CENTURY FROM DATE '2000-12-31')
-- !query 63 schema
struct<date_part('CENTURY', DATE '2000-12-31'):int>
-- !query 63 output
20


-- !query 64
SELECT EXTRACT(CENTURY FROM DATE '2001-01-01')
-- !query 64 schema
struct<date_part('CENTURY', DATE '2001-01-01'):int>
-- !query 64 output
21


-- !query 65
SELECT EXTRACT(CENTURY FROM CURRENT_DATE)>=21 AS True
-- !query 65 schema
struct<True:boolean>
-- !query 65 output
true


-- !query 66
SELECT EXTRACT(MILLENNIUM FROM TO_DATE('0001-12-31 BC', 'yyyy-MM-dd G'))
-- !query 66 schema
struct<date_part('MILLENNIUM', TO_DATE('0001-12-31 BC', 'yyyy-MM-dd G')):int>
-- !query 66 output
-1


-- !query 67
SELECT EXTRACT(MILLENNIUM FROM DATE '0001-01-01 AD')
-- !query 67 schema
struct<date_part('MILLENNIUM', DATE '0001-01-01'):int>
-- !query 67 output
1


-- !query 68
SELECT EXTRACT(MILLENNIUM FROM DATE '1000-12-31')
-- !query 68 schema
struct<date_part('MILLENNIUM', DATE '1000-12-31'):int>
-- !query 68 output
1


-- !query 69
SELECT EXTRACT(MILLENNIUM FROM DATE '1001-01-01')
-- !query 69 schema
struct<date_part('MILLENNIUM', DATE '1001-01-01'):int>
-- !query 69 output
2


-- !query 70
SELECT EXTRACT(MILLENNIUM FROM DATE '2000-12-31')
-- !query 70 schema
struct<date_part('MILLENNIUM', DATE '2000-12-31'):int>
-- !query 70 output
2


-- !query 71
SELECT EXTRACT(MILLENNIUM FROM DATE '2001-01-01')
-- !query 71 schema
struct<date_part('MILLENNIUM', DATE '2001-01-01'):int>
-- !query 71 output
3


-- !query 72
SELECT EXTRACT(MILLENNIUM FROM CURRENT_DATE)
-- !query 72 schema
struct<date_part('MILLENNIUM', current_date()):int>
-- !query 72 output
3


-- !query 73
SELECT EXTRACT(DECADE FROM DATE '1994-12-25')
-- !query 73 schema
struct<date_part('DECADE', DATE '1994-12-25'):int>
-- !query 73 output
199


-- !query 74
SELECT EXTRACT(DECADE FROM DATE '0010-01-01')
-- !query 74 schema
struct<date_part('DECADE', DATE '0010-01-01'):int>
-- !query 74 output
1


-- !query 75
SELECT EXTRACT(DECADE FROM DATE '0009-12-31')
-- !query 75 schema
struct<date_part('DECADE', DATE '0009-12-31'):int>
-- !query 75 output
0


-- !query 76
SELECT EXTRACT(DECADE FROM TO_DATE('0001-01-01 BC', 'yyyy-MM-dd G'))
-- !query 76 schema
struct<date_part('DECADE', TO_DATE('0001-01-01 BC', 'yyyy-MM-dd G')):int>
-- !query 76 output
0


-- !query 77
SELECT EXTRACT(DECADE FROM TO_DATE('0002-12-31 BC', 'yyyy-MM-dd G'))
-- !query 77 schema
struct<date_part('DECADE', TO_DATE('0002-12-31 BC', 'yyyy-MM-dd G')):int>
-- !query 77 output
-1


-- !query 78
SELECT EXTRACT(DECADE FROM TO_DATE('0011-01-01 BC', 'yyyy-MM-dd G'))
-- !query 78 schema
struct<date_part('DECADE', TO_DATE('0011-01-01 BC', 'yyyy-MM-dd G')):int>
-- !query 78 output
-1


-- !query 79
SELECT EXTRACT(DECADE FROM TO_DATE('0012-12-31 BC', 'yyyy-MM-dd G'))
-- !query 79 schema
struct<date_part('DECADE', TO_DATE('0012-12-31 BC', 'yyyy-MM-dd G')):int>
-- !query 79 output
-2


-- !query 80
SELECT EXTRACT(CENTURY FROM NOW())>=21 AS True
-- !query 80 schema
struct<True:boolean>
-- !query 80 output
true


-- !query 81
SELECT EXTRACT(CENTURY FROM TIMESTAMP '1970-03-20 04:30:00.00000')
-- !query 81 schema
struct<date_part('CENTURY', TIMESTAMP('1970-03-20 04:30:00')):int>
-- !query 81 output
20


-- !query 82
SELECT DATE_TRUNC('MILLENNIUM', TIMESTAMP '1970-03-20 04:30:00.00000')
-- !query 82 schema
struct<date_trunc(MILLENNIUM, TIMESTAMP('1970-03-20 04:30:00')):timestamp>
-- !query 82 output
1001-01-01 00:07:02


-- !query 83
SELECT DATE_TRUNC('MILLENNIUM', DATE '1970-03-20')
-- !query 83 schema
struct<date_trunc(MILLENNIUM, CAST(DATE '1970-03-20' AS TIMESTAMP)):timestamp>
-- !query 83 output
1001-01-01 00:07:02


-- !query 84
SELECT DATE_TRUNC('CENTURY', TIMESTAMP '1970-03-20 04:30:00.00000')
-- !query 84 schema
struct<date_trunc(CENTURY, TIMESTAMP('1970-03-20 04:30:00')):timestamp>
-- !query 84 output
1901-01-01 00:00:00


-- !query 85
SELECT DATE_TRUNC('CENTURY', DATE '1970-03-20')
-- !query 85 schema
struct<date_trunc(CENTURY, CAST(DATE '1970-03-20' AS TIMESTAMP)):timestamp>
-- !query 85 output
1901-01-01 00:00:00


-- !query 86
SELECT DATE_TRUNC('CENTURY', DATE '2004-08-10')
-- !query 86 schema
struct<date_trunc(CENTURY, CAST(DATE '2004-08-10' AS TIMESTAMP)):timestamp>
-- !query 86 output
2001-01-01 00:00:00


-- !query 87
SELECT DATE_TRUNC('CENTURY', DATE '0002-02-04')
-- !query 87 schema
struct<date_trunc(CENTURY, CAST(DATE '0002-02-04' AS TIMESTAMP)):timestamp>
-- !query 87 output
0001-01-01 00:07:02


-- !query 88
SELECT DATE_TRUNC('CENTURY', TO_DATE('0055-08-10 BC', 'yyyy-MM-dd G'))
-- !query 88 schema
struct<date_trunc(CENTURY, CAST(to_date('0055-08-10 BC', 'yyyy-MM-dd G') AS TIMESTAMP)):timestamp>
-- !query 88 output
-0099-01-01 00:07:02


-- !query 89
SELECT DATE_TRUNC('DECADE', DATE '1993-12-25')
-- !query 89 schema
struct<date_trunc(DECADE, CAST(DATE '1993-12-25' AS TIMESTAMP)):timestamp>
-- !query 89 output
1990-01-01 00:00:00


-- !query 90
SELECT DATE_TRUNC('DECADE', DATE '0004-12-25')
-- !query 90 schema
struct<date_trunc(DECADE, CAST(DATE '0004-12-25' AS TIMESTAMP)):timestamp>
-- !query 90 output
0000-01-01 00:07:02


-- !query 91
SELECT DATE_TRUNC('DECADE', TO_DATE('0002-12-31 BC', 'yyyy-MM-dd G'))
-- !query 91 schema
struct<date_trunc(DECADE, CAST(to_date('0002-12-31 BC', 'yyyy-MM-dd G') AS TIMESTAMP)):timestamp>
-- !query 91 output
-0010-01-01 00:07:02


-- !query 92
select make_date(2013, 7, 15)
-- !query 92 schema
struct<make_date(2013, 7, 15):date>
-- !query 92 output
2013-07-15


-- !query 93
select make_date(-44, 3, 15)
-- !query 93 schema
struct<make_date(-44, 3, 15):date>
-- !query 93 output
-0044-03-15


-- !query 94
select make_date(2013, 2, 30)
-- !query 94 schema
struct<make_date(2013, 2, 30):date>
-- !query 94 output
NULL


-- !query 95
select make_date(2013, 13, 1)
-- !query 95 schema
struct<make_date(2013, 13, 1):date>
-- !query 95 output
NULL


-- !query 96
select make_date(2013, 11, -1)
-- !query 96 schema
struct<make_date(2013, 11, -1):date>
-- !query 96 output
NULL


-- !query 97
DROP TABLE DATE_TBL
-- !query 97 schema
struct<>
-- !query 97 output

