-- Automatically generated by SQLQueryTestSuite
-- Number of queries: 43


-- !query 0
CREATE TABLE FLOAT4_TBL (f1  float) USING parquet
-- !query 0 schema
struct<>
-- !query 0 output



-- !query 1
INSERT INTO FLOAT4_TBL VALUES ('    0.0')
-- !query 1 schema
struct<>
-- !query 1 output



-- !query 2
INSERT INTO FLOAT4_TBL VALUES ('1004.30   ')
-- !query 2 schema
struct<>
-- !query 2 output



-- !query 3
INSERT INTO FLOAT4_TBL VALUES ('     -34.84    ')
-- !query 3 schema
struct<>
-- !query 3 output



-- !query 4
INSERT INTO FLOAT4_TBL VALUES ('1.2345678901234e+20')
-- !query 4 schema
struct<>
-- !query 4 output



-- !query 5
INSERT INTO FLOAT4_TBL VALUES ('1.2345678901234e-20')
-- !query 5 schema
struct<>
-- !query 5 output



-- !query 6
SELECT float('NaN')
-- !query 6 schema
struct<CAST(NaN AS FLOAT):float>
-- !query 6 output
NaN


-- !query 7
SELECT float('nan')
-- !query 7 schema
struct<CAST(nan AS FLOAT):float>
-- !query 7 output
NaN


-- !query 8
SELECT float('   NAN  ')
-- !query 8 schema
struct<CAST(   NAN   AS FLOAT):float>
-- !query 8 output
NaN


-- !query 9
SELECT float('infinity')
-- !query 9 schema
struct<CAST(infinity AS FLOAT):float>
-- !query 9 output
Infinity


-- !query 10
SELECT float('          -INFINiTY   ')
-- !query 10 schema
struct<CAST(          -INFINiTY    AS FLOAT):float>
-- !query 10 output
-Infinity


-- !query 11
SELECT float('N A N')
-- !query 11 schema
struct<CAST(N A N AS FLOAT):float>
-- !query 11 output
NULL


-- !query 12
SELECT float('NaN x')
-- !query 12 schema
struct<CAST(NaN x AS FLOAT):float>
-- !query 12 output
NULL


-- !query 13
SELECT float(' INFINITY    x')
-- !query 13 schema
struct<CAST( INFINITY    x AS FLOAT):float>
-- !query 13 output
NULL


-- !query 14
SELECT float('Infinity') + 100.0
-- !query 14 schema
struct<(CAST(CAST(Infinity AS FLOAT) AS DOUBLE) + CAST(100.0 AS DOUBLE)):double>
-- !query 14 output
Infinity


-- !query 15
SELECT float('Infinity') / float('Infinity')
-- !query 15 schema
struct<(CAST(CAST(Infinity AS FLOAT) AS DOUBLE) / CAST(CAST(Infinity AS FLOAT) AS DOUBLE)):double>
-- !query 15 output
NaN


-- !query 16
SELECT float('nan') / float('nan')
-- !query 16 schema
struct<(CAST(CAST(nan AS FLOAT) AS DOUBLE) / CAST(CAST(nan AS FLOAT) AS DOUBLE)):double>
-- !query 16 output
NaN


-- !query 17
SELECT float(decimal('nan'))
-- !query 17 schema
struct<CAST(CAST(nan AS DECIMAL(10,0)) AS FLOAT):float>
-- !query 17 output
NULL


-- !query 18
SELECT '' AS five, * FROM FLOAT4_TBL
-- !query 18 schema
struct<five:string,f1:float>
-- !query 18 output
	-34.84
	0.0
	1.2345679E-20
	1.2345679E20
	1004.3


-- !query 19
SELECT '' AS four, f.* FROM FLOAT4_TBL f WHERE f.f1 <> '1004.3'
-- !query 19 schema
struct<four:string,f1:float>
-- !query 19 output
	-34.84
	0.0
	1.2345679E-20
	1.2345679E20


-- !query 20
SELECT '' AS one, f.* FROM FLOAT4_TBL f WHERE f.f1 = '1004.3'
-- !query 20 schema
struct<one:string,f1:float>
-- !query 20 output
	1004.3


-- !query 21
SELECT '' AS three, f.* FROM FLOAT4_TBL f WHERE '1004.3' > f.f1
-- !query 21 schema
struct<three:string,f1:float>
-- !query 21 output
	-34.84
	0.0
	1.2345679E-20


-- !query 22
SELECT '' AS three, f.* FROM FLOAT4_TBL f WHERE  f.f1 < '1004.3'
-- !query 22 schema
struct<three:string,f1:float>
-- !query 22 output
	-34.84
	0.0
	1.2345679E-20


-- !query 23
SELECT '' AS four, f.* FROM FLOAT4_TBL f WHERE '1004.3' >= f.f1
-- !query 23 schema
struct<four:string,f1:float>
-- !query 23 output
	-34.84
	0.0
	1.2345679E-20
	1004.3


-- !query 24
SELECT '' AS four, f.* FROM FLOAT4_TBL f WHERE  f.f1 <= '1004.3'
-- !query 24 schema
struct<four:string,f1:float>
-- !query 24 output
	-34.84
	0.0
	1.2345679E-20
	1004.3


-- !query 25
SELECT '' AS three, f.f1, f.f1 * '-10' AS x FROM FLOAT4_TBL f
   WHERE f.f1 > '0.0'
-- !query 25 schema
struct<three:string,f1:float,x:double>
-- !query 25 output
	1.2345679E-20	-1.2345678720289608E-19
	1.2345679E20	-1.2345678955701443E21
	1004.3	-10042.999877929688


-- !query 26
SELECT '' AS three, f.f1, f.f1 + '-10' AS x FROM FLOAT4_TBL f
   WHERE f.f1 > '0.0'
-- !query 26 schema
struct<three:string,f1:float,x:double>
-- !query 26 output
	1.2345679E-20	-10.0
	1.2345679E20	1.2345678955701443E20
	1004.3	994.2999877929688


-- !query 27
SELECT '' AS three, f.f1, f.f1 / '-10' AS x FROM FLOAT4_TBL f
   WHERE f.f1 > '0.0'
-- !query 27 schema
struct<three:string,f1:float,x:double>
-- !query 27 output
	1.2345679E-20	-1.2345678720289608E-21
	1.2345679E20	-1.2345678955701443E19
	1004.3	-100.42999877929688


-- !query 28
SELECT '' AS three, f.f1, f.f1 - '-10' AS x FROM FLOAT4_TBL f
   WHERE f.f1 > '0.0'
-- !query 28 schema
struct<three:string,f1:float,x:double>
-- !query 28 output
	1.2345679E-20	10.0
	1.2345679E20	1.2345678955701443E20
	1004.3	1014.2999877929688


-- !query 29
SELECT '' AS five, * FROM FLOAT4_TBL
-- !query 29 schema
struct<five:string,f1:float>
-- !query 29 output
	-34.84
	0.0
	1.2345679E-20
	1.2345679E20
	1004.3


-- !query 30
SELECT smallint(float('32767.4'))
-- !query 30 schema
struct<CAST(CAST(32767.4 AS FLOAT) AS SMALLINT):smallint>
-- !query 30 output
32767


-- !query 31
SELECT smallint(float('32767.6'))
-- !query 31 schema
struct<CAST(CAST(32767.6 AS FLOAT) AS SMALLINT):smallint>
-- !query 31 output
32767


-- !query 32
SELECT smallint(float('-32768.4'))
-- !query 32 schema
struct<CAST(CAST(-32768.4 AS FLOAT) AS SMALLINT):smallint>
-- !query 32 output
-32768


-- !query 33
SELECT smallint(float('-32768.6'))
-- !query 33 schema
struct<CAST(CAST(-32768.6 AS FLOAT) AS SMALLINT):smallint>
-- !query 33 output
-32768


-- !query 34
SELECT int(float('2147483520'))
-- !query 34 schema
struct<CAST(CAST(2147483520 AS FLOAT) AS INT):int>
-- !query 34 output
2147483520


-- !query 35
SELECT int(float('2147483647'))
-- !query 35 schema
struct<CAST(CAST(2147483647 AS FLOAT) AS INT):int>
-- !query 35 output
2147483647


-- !query 36
SELECT int(float('-2147483648.5'))
-- !query 36 schema
struct<CAST(CAST(-2147483648.5 AS FLOAT) AS INT):int>
-- !query 36 output
-2147483648


-- !query 37
SELECT int(float('-2147483900'))
-- !query 37 schema
struct<>
-- !query 37 output
java.lang.ArithmeticException
Casting -2.1474839E9 to int causes overflow


-- !query 38
SELECT bigint(float('9223369837831520256'))
-- !query 38 schema
struct<CAST(CAST(9223369837831520256 AS FLOAT) AS BIGINT):bigint>
-- !query 38 output
9223369837831520256


-- !query 39
SELECT bigint(float('9223372036854775807'))
-- !query 39 schema
struct<CAST(CAST(9223372036854775807 AS FLOAT) AS BIGINT):bigint>
-- !query 39 output
9223372036854775807


-- !query 40
SELECT bigint(float('-9223372036854775808.5'))
-- !query 40 schema
struct<CAST(CAST(-9223372036854775808.5 AS FLOAT) AS BIGINT):bigint>
-- !query 40 output
-9223372036854775808


-- !query 41
SELECT bigint(float('-9223380000000000000'))
-- !query 41 schema
struct<>
-- !query 41 output
java.lang.ArithmeticException
Casting -9.22338E18 to int causes overflow


-- !query 42
DROP TABLE FLOAT4_TBL
-- !query 42 schema
struct<>
-- !query 42 output

