-- Automatically generated by SQLQueryTestSuite
-- Number of queries: 95


-- !query 0
CREATE TABLE FLOAT8_TBL(f1 double) USING parquet
-- !query 0 schema
struct<>
-- !query 0 output



-- !query 1
INSERT INTO FLOAT8_TBL VALUES ('    0.0   ')
-- !query 1 schema
struct<>
-- !query 1 output



-- !query 2
INSERT INTO FLOAT8_TBL VALUES ('1004.30  ')
-- !query 2 schema
struct<>
-- !query 2 output



-- !query 3
INSERT INTO FLOAT8_TBL VALUES ('   -34.84')
-- !query 3 schema
struct<>
-- !query 3 output



-- !query 4
INSERT INTO FLOAT8_TBL VALUES ('1.2345678901234e+200')
-- !query 4 schema
struct<>
-- !query 4 output



-- !query 5
INSERT INTO FLOAT8_TBL VALUES ('1.2345678901234e-200')
-- !query 5 schema
struct<>
-- !query 5 output



-- !query 6
SELECT double('10e400')
-- !query 6 schema
struct<CAST(10e400 AS DOUBLE):double>
-- !query 6 output
Infinity


-- !query 7
SELECT double('-10e400')
-- !query 7 schema
struct<CAST(-10e400 AS DOUBLE):double>
-- !query 7 output
-Infinity


-- !query 8
SELECT double('10e-400')
-- !query 8 schema
struct<CAST(10e-400 AS DOUBLE):double>
-- !query 8 output
0.0


-- !query 9
SELECT double('-10e-400')
-- !query 9 schema
struct<CAST(-10e-400 AS DOUBLE):double>
-- !query 9 output
-0.0


-- !query 10
SELECT double('NaN')
-- !query 10 schema
struct<CAST(NaN AS DOUBLE):double>
-- !query 10 output
NaN


-- !query 11
SELECT double('nan')
-- !query 11 schema
struct<CAST(nan AS DOUBLE):double>
-- !query 11 output
NaN


-- !query 12
SELECT double('   NAN  ')
-- !query 12 schema
struct<CAST(   NAN   AS DOUBLE):double>
-- !query 12 output
NaN


-- !query 13
SELECT double('infinity')
-- !query 13 schema
struct<CAST(infinity AS DOUBLE):double>
-- !query 13 output
Infinity


-- !query 14
SELECT double('          -INFINiTY   ')
-- !query 14 schema
struct<CAST(          -INFINiTY    AS DOUBLE):double>
-- !query 14 output
-Infinity


-- !query 15
SELECT double('N A N')
-- !query 15 schema
struct<CAST(N A N AS DOUBLE):double>
-- !query 15 output
NULL


-- !query 16
SELECT double('NaN x')
-- !query 16 schema
struct<CAST(NaN x AS DOUBLE):double>
-- !query 16 output
NULL


-- !query 17
SELECT double(' INFINITY    x')
-- !query 17 schema
struct<CAST( INFINITY    x AS DOUBLE):double>
-- !query 17 output
NULL


-- !query 18
SELECT double('Infinity') + 100.0
-- !query 18 schema
struct<(CAST(Infinity AS DOUBLE) + CAST(100.0 AS DOUBLE)):double>
-- !query 18 output
Infinity


-- !query 19
SELECT double('Infinity') / double('Infinity')
-- !query 19 schema
struct<(CAST(Infinity AS DOUBLE) / CAST(Infinity AS DOUBLE)):double>
-- !query 19 output
NaN


-- !query 20
SELECT double('NaN') / double('NaN')
-- !query 20 schema
struct<(CAST(NaN AS DOUBLE) / CAST(NaN AS DOUBLE)):double>
-- !query 20 output
NaN


-- !query 21
SELECT double(decimal('nan'))
-- !query 21 schema
struct<CAST(CAST(nan AS DECIMAL(10,0)) AS DOUBLE):double>
-- !query 21 output
NULL


-- !query 22
SELECT '' AS five, * FROM FLOAT8_TBL
-- !query 22 schema
struct<five:string,f1:double>
-- !query 22 output
	-34.84
	0.0
	1.2345678901234E-200
	1.2345678901234E200
	1004.3


-- !query 23
SELECT '' AS four, f.* FROM FLOAT8_TBL f WHERE f.f1 <> '1004.3'
-- !query 23 schema
struct<four:string,f1:double>
-- !query 23 output
	-34.84
	0.0
	1.2345678901234E-200
	1.2345678901234E200


-- !query 24
SELECT '' AS one, f.* FROM FLOAT8_TBL f WHERE f.f1 = '1004.3'
-- !query 24 schema
struct<one:string,f1:double>
-- !query 24 output
	1004.3


-- !query 25
SELECT '' AS three, f.* FROM FLOAT8_TBL f WHERE '1004.3' > f.f1
-- !query 25 schema
struct<three:string,f1:double>
-- !query 25 output
	-34.84
	0.0
	1.2345678901234E-200


-- !query 26
SELECT '' AS three, f.* FROM FLOAT8_TBL f WHERE  f.f1 < '1004.3'
-- !query 26 schema
struct<three:string,f1:double>
-- !query 26 output
	-34.84
	0.0
	1.2345678901234E-200


-- !query 27
SELECT '' AS four, f.* FROM FLOAT8_TBL f WHERE '1004.3' >= f.f1
-- !query 27 schema
struct<four:string,f1:double>
-- !query 27 output
	-34.84
	0.0
	1.2345678901234E-200
	1004.3


-- !query 28
SELECT '' AS four, f.* FROM FLOAT8_TBL f WHERE  f.f1 <= '1004.3'
-- !query 28 schema
struct<four:string,f1:double>
-- !query 28 output
	-34.84
	0.0
	1.2345678901234E-200
	1004.3


-- !query 29
SELECT '' AS three, f.f1, f.f1 * '-10' AS x
   FROM FLOAT8_TBL f
   WHERE f.f1 > '0.0'
-- !query 29 schema
struct<three:string,f1:double,x:double>
-- !query 29 output
	1.2345678901234E-200	-1.2345678901234E-199
	1.2345678901234E200	-1.2345678901234E201
	1004.3	-10043.0


-- !query 30
SELECT '' AS three, f.f1, f.f1 + '-10' AS x
   FROM FLOAT8_TBL f
   WHERE f.f1 > '0.0'
-- !query 30 schema
struct<three:string,f1:double,x:double>
-- !query 30 output
	1.2345678901234E-200	-10.0
	1.2345678901234E200	1.2345678901234E200
	1004.3	994.3


-- !query 31
SELECT '' AS three, f.f1, f.f1 / '-10' AS x
   FROM FLOAT8_TBL f
   WHERE f.f1 > '0.0'
-- !query 31 schema
struct<three:string,f1:double,x:double>
-- !query 31 output
	1.2345678901234E-200	-1.2345678901234E-201
	1.2345678901234E200	-1.2345678901234E199
	1004.3	-100.42999999999999


-- !query 32
SELECT '' AS three, f.f1, f.f1 - '-10' AS x
   FROM FLOAT8_TBL f
   WHERE f.f1 > '0.0'
-- !query 32 schema
struct<three:string,f1:double,x:double>
-- !query 32 output
	1.2345678901234E-200	10.0
	1.2345678901234E200	1.2345678901234E200
	1004.3	1014.3


-- !query 33
SELECT '' AS five, f.f1, round(f.f1) AS round_f1
   FROM FLOAT8_TBL f
-- !query 33 schema
struct<five:string,f1:double,round_f1:double>
-- !query 33 output
	-34.84	-35.0
	0.0	0.0
	1.2345678901234E-200	0.0
	1.2345678901234E200	1.2345678901234E200
	1004.3	1004.0


-- !query 34
select ceil(f1) as ceil_f1 from float8_tbl f
-- !query 34 schema
struct<ceil_f1:bigint>
-- !query 34 output
-34
0
1
1005
9223372036854775807


-- !query 35
select ceiling(f1) as ceiling_f1 from float8_tbl f
-- !query 35 schema
struct<ceiling_f1:bigint>
-- !query 35 output
-34
0
1
1005
9223372036854775807


-- !query 36
select floor(f1) as floor_f1 from float8_tbl f
-- !query 36 schema
struct<floor_f1:bigint>
-- !query 36 output
-35
0
0
1004
9223372036854775807


-- !query 37
select sign(f1) as sign_f1 from float8_tbl f
-- !query 37 schema
struct<sign_f1:double>
-- !query 37 output
-1.0
0.0
1.0
1.0
1.0


-- !query 38
SELECT sqrt(double('64')) AS eight
-- !query 38 schema
struct<eight:double>
-- !query 38 output
8.0


-- !query 39
SELECT power(double('144'), double('0.5'))
-- !query 39 schema
struct<POWER(CAST(144 AS DOUBLE), CAST(0.5 AS DOUBLE)):double>
-- !query 39 output
12.0


-- !query 40
SELECT power(double('NaN'), double('0.5'))
-- !query 40 schema
struct<POWER(CAST(NaN AS DOUBLE), CAST(0.5 AS DOUBLE)):double>
-- !query 40 output
NaN


-- !query 41
SELECT power(double('144'), double('NaN'))
-- !query 41 schema
struct<POWER(CAST(144 AS DOUBLE), CAST(NaN AS DOUBLE)):double>
-- !query 41 output
NaN


-- !query 42
SELECT power(double('NaN'), double('NaN'))
-- !query 42 schema
struct<POWER(CAST(NaN AS DOUBLE), CAST(NaN AS DOUBLE)):double>
-- !query 42 output
NaN


-- !query 43
SELECT power(double('-1'), double('NaN'))
-- !query 43 schema
struct<POWER(CAST(-1 AS DOUBLE), CAST(NaN AS DOUBLE)):double>
-- !query 43 output
NaN


-- !query 44
SELECT power(double('1'), double('NaN'))
-- !query 44 schema
struct<POWER(CAST(1 AS DOUBLE), CAST(NaN AS DOUBLE)):double>
-- !query 44 output
NaN


-- !query 45
SELECT power(double('NaN'), double('0'))
-- !query 45 schema
struct<POWER(CAST(NaN AS DOUBLE), CAST(0 AS DOUBLE)):double>
-- !query 45 output
1.0


-- !query 46
SELECT '' AS three, f.f1, exp(ln(f.f1)) AS exp_ln_f1
   FROM FLOAT8_TBL f
   WHERE f.f1 > '0.0'
-- !query 46 schema
struct<three:string,f1:double,exp_ln_f1:double>
-- !query 46 output
	1.2345678901234E-200	1.2345678901233948E-200
	1.2345678901234E200	1.234567890123379E200
	1004.3	1004.3000000000004


-- !query 47
SELECT '' AS five, * FROM FLOAT8_TBL
-- !query 47 schema
struct<five:string,f1:double>
-- !query 47 output
	-34.84
	0.0
	1.2345678901234E-200
	1.2345678901234E200
	1004.3


-- !query 48
CREATE TEMPORARY VIEW UPDATED_FLOAT8_TBL as
SELECT
  CASE WHEN FLOAT8_TBL.f1 > '0.0' THEN FLOAT8_TBL.f1 * '-1' ELSE FLOAT8_TBL.f1 END AS f1
FROM FLOAT8_TBL
-- !query 48 schema
struct<>
-- !query 48 output



-- !query 49
SELECT '' AS bad, f.f1 * '1e200' from UPDATED_FLOAT8_TBL f
-- !query 49 schema
struct<bad:string,(f1 * CAST(1e200 AS DOUBLE)):double>
-- !query 49 output
	-1.0042999999999999E203
	-1.2345678901234
	-3.484E201
	-Infinity
	0.0


-- !query 50
SELECT '' AS five, * FROM UPDATED_FLOAT8_TBL
-- !query 50 schema
struct<five:string,f1:double>
-- !query 50 output
	-1.2345678901234E-200
	-1.2345678901234E200
	-1004.3
	-34.84
	0.0


-- !query 51
SELECT sinh(double('1'))
-- !query 51 schema
struct<SINH(CAST(1 AS DOUBLE)):double>
-- !query 51 output
1.1752011936438014


-- !query 52
SELECT cosh(double('1'))
-- !query 52 schema
struct<COSH(CAST(1 AS DOUBLE)):double>
-- !query 52 output
1.543080634815244


-- !query 53
SELECT tanh(double('1'))
-- !query 53 schema
struct<TANH(CAST(1 AS DOUBLE)):double>
-- !query 53 output
0.7615941559557649


-- !query 54
SELECT asinh(double('1'))
-- !query 54 schema
struct<ASINH(CAST(1 AS DOUBLE)):double>
-- !query 54 output
0.8813735870195429


-- !query 55
SELECT acosh(double('2'))
-- !query 55 schema
struct<ACOSH(CAST(2 AS DOUBLE)):double>
-- !query 55 output
1.3169578969248166


-- !query 56
SELECT atanh(double('0.5'))
-- !query 56 schema
struct<ATANH(CAST(0.5 AS DOUBLE)):double>
-- !query 56 output
0.5493061443340548


-- !query 57
SELECT sinh(double('Infinity'))
-- !query 57 schema
struct<SINH(CAST(Infinity AS DOUBLE)):double>
-- !query 57 output
Infinity


-- !query 58
SELECT sinh(double('-Infinity'))
-- !query 58 schema
struct<SINH(CAST(-Infinity AS DOUBLE)):double>
-- !query 58 output
-Infinity


-- !query 59
SELECT sinh(double('NaN'))
-- !query 59 schema
struct<SINH(CAST(NaN AS DOUBLE)):double>
-- !query 59 output
NaN


-- !query 60
SELECT cosh(double('Infinity'))
-- !query 60 schema
struct<COSH(CAST(Infinity AS DOUBLE)):double>
-- !query 60 output
Infinity


-- !query 61
SELECT cosh(double('-Infinity'))
-- !query 61 schema
struct<COSH(CAST(-Infinity AS DOUBLE)):double>
-- !query 61 output
Infinity


-- !query 62
SELECT cosh(double('NaN'))
-- !query 62 schema
struct<COSH(CAST(NaN AS DOUBLE)):double>
-- !query 62 output
NaN


-- !query 63
SELECT tanh(double('Infinity'))
-- !query 63 schema
struct<TANH(CAST(Infinity AS DOUBLE)):double>
-- !query 63 output
1.0


-- !query 64
SELECT tanh(double('-Infinity'))
-- !query 64 schema
struct<TANH(CAST(-Infinity AS DOUBLE)):double>
-- !query 64 output
-1.0


-- !query 65
SELECT tanh(double('NaN'))
-- !query 65 schema
struct<TANH(CAST(NaN AS DOUBLE)):double>
-- !query 65 output
NaN


-- !query 66
SELECT asinh(double('Infinity'))
-- !query 66 schema
struct<ASINH(CAST(Infinity AS DOUBLE)):double>
-- !query 66 output
Infinity


-- !query 67
SELECT asinh(double('-Infinity'))
-- !query 67 schema
struct<ASINH(CAST(-Infinity AS DOUBLE)):double>
-- !query 67 output
-Infinity


-- !query 68
SELECT asinh(double('NaN'))
-- !query 68 schema
struct<ASINH(CAST(NaN AS DOUBLE)):double>
-- !query 68 output
NaN


-- !query 69
SELECT acosh(double('Infinity'))
-- !query 69 schema
struct<ACOSH(CAST(Infinity AS DOUBLE)):double>
-- !query 69 output
Infinity


-- !query 70
SELECT acosh(double('-Infinity'))
-- !query 70 schema
struct<ACOSH(CAST(-Infinity AS DOUBLE)):double>
-- !query 70 output
NaN


-- !query 71
SELECT acosh(double('NaN'))
-- !query 71 schema
struct<ACOSH(CAST(NaN AS DOUBLE)):double>
-- !query 71 output
NaN


-- !query 72
SELECT atanh(double('Infinity'))
-- !query 72 schema
struct<ATANH(CAST(Infinity AS DOUBLE)):double>
-- !query 72 output
NaN


-- !query 73
SELECT atanh(double('-Infinity'))
-- !query 73 schema
struct<ATANH(CAST(-Infinity AS DOUBLE)):double>
-- !query 73 output
NaN


-- !query 74
SELECT atanh(double('NaN'))
-- !query 74 schema
struct<ATANH(CAST(NaN AS DOUBLE)):double>
-- !query 74 output
NaN


-- !query 75
TRUNCATE TABLE FLOAT8_TBL
-- !query 75 schema
struct<>
-- !query 75 output



-- !query 76
INSERT INTO FLOAT8_TBL VALUES ('0.0')
-- !query 76 schema
struct<>
-- !query 76 output



-- !query 77
INSERT INTO FLOAT8_TBL VALUES ('-34.84')
-- !query 77 schema
struct<>
-- !query 77 output



-- !query 78
INSERT INTO FLOAT8_TBL VALUES ('-1004.30')
-- !query 78 schema
struct<>
-- !query 78 output



-- !query 79
INSERT INTO FLOAT8_TBL VALUES ('-1.2345678901234e+200')
-- !query 79 schema
struct<>
-- !query 79 output



-- !query 80
INSERT INTO FLOAT8_TBL VALUES ('-1.2345678901234e-200')
-- !query 80 schema
struct<>
-- !query 80 output



-- !query 81
SELECT '' AS five, * FROM FLOAT8_TBL
-- !query 81 schema
struct<five:string,f1:double>
-- !query 81 output
	-1.2345678901234E-200
	-1.2345678901234E200
	-1004.3
	-34.84
	0.0


-- !query 82
SELECT smallint(double('32767.4'))
-- !query 82 schema
struct<CAST(CAST(32767.4 AS DOUBLE) AS SMALLINT):smallint>
-- !query 82 output
32767


-- !query 83
SELECT smallint(double('32767.6'))
-- !query 83 schema
struct<CAST(CAST(32767.6 AS DOUBLE) AS SMALLINT):smallint>
-- !query 83 output
32767


-- !query 84
SELECT smallint(double('-32768.4'))
-- !query 84 schema
struct<CAST(CAST(-32768.4 AS DOUBLE) AS SMALLINT):smallint>
-- !query 84 output
-32768


-- !query 85
SELECT smallint(double('-32768.6'))
-- !query 85 schema
struct<CAST(CAST(-32768.6 AS DOUBLE) AS SMALLINT):smallint>
-- !query 85 output
-32768


-- !query 86
SELECT int(double('2147483647.4'))
-- !query 86 schema
struct<CAST(CAST(2147483647.4 AS DOUBLE) AS INT):int>
-- !query 86 output
2147483647


-- !query 87
SELECT int(double('2147483647.6'))
-- !query 87 schema
struct<CAST(CAST(2147483647.6 AS DOUBLE) AS INT):int>
-- !query 87 output
2147483647


-- !query 88
SELECT int(double('-2147483648.4'))
-- !query 88 schema
struct<CAST(CAST(-2147483648.4 AS DOUBLE) AS INT):int>
-- !query 88 output
-2147483648


-- !query 89
SELECT int(double('-2147483648.6'))
-- !query 89 schema
struct<CAST(CAST(-2147483648.6 AS DOUBLE) AS INT):int>
-- !query 89 output
-2147483648


-- !query 90
SELECT bigint(double('9223372036854773760'))
-- !query 90 schema
struct<CAST(CAST(9223372036854773760 AS DOUBLE) AS BIGINT):bigint>
-- !query 90 output
9223372036854773760


-- !query 91
SELECT bigint(double('9223372036854775807'))
-- !query 91 schema
struct<CAST(CAST(9223372036854775807 AS DOUBLE) AS BIGINT):bigint>
-- !query 91 output
9223372036854775807


-- !query 92
SELECT bigint(double('-9223372036854775808.5'))
-- !query 92 schema
struct<CAST(CAST(-9223372036854775808.5 AS DOUBLE) AS BIGINT):bigint>
-- !query 92 output
-9223372036854775808


-- !query 93
SELECT bigint(double('-9223372036854780000'))
-- !query 93 schema
struct<>
-- !query 93 output
java.lang.ArithmeticException
Casting -9.22337203685478E18 to long causes overflow


-- !query 94
DROP TABLE FLOAT8_TBL
-- !query 94 schema
struct<>
-- !query 94 output

