-- Automatically generated by SQLQueryTestSuite
-- Number of queries: 85


-- !query 0
CREATE TABLE INT8_TBL(q1 bigint, q2 bigint) USING parquet
-- !query 0 schema
struct<>
-- !query 0 output



-- !query 1
INSERT INTO INT8_TBL VALUES(trim('  123   '),trim('  456'))
-- !query 1 schema
struct<>
-- !query 1 output



-- !query 2
INSERT INTO INT8_TBL VALUES(trim('123   '),'4567890123456789')
-- !query 2 schema
struct<>
-- !query 2 output



-- !query 3
INSERT INTO INT8_TBL VALUES('4567890123456789','123')
-- !query 3 schema
struct<>
-- !query 3 output



-- !query 4
INSERT INTO INT8_TBL VALUES(+4567890123456789,'4567890123456789')
-- !query 4 schema
struct<>
-- !query 4 output



-- !query 5
INSERT INTO INT8_TBL VALUES('+4567890123456789','-4567890123456789')
-- !query 5 schema
struct<>
-- !query 5 output



-- !query 6
SELECT * FROM INT8_TBL
-- !query 6 schema
struct<q1:bigint,q2:bigint>
-- !query 6 output
123	456
123	4567890123456789
4567890123456789	-4567890123456789
4567890123456789	123
4567890123456789	4567890123456789


-- !query 7
SELECT * FROM INT8_TBL WHERE q2 = 4567890123456789
-- !query 7 schema
struct<q1:bigint,q2:bigint>
-- !query 7 output
123	4567890123456789
4567890123456789	4567890123456789


-- !query 8
SELECT * FROM INT8_TBL WHERE q2 <> 4567890123456789
-- !query 8 schema
struct<q1:bigint,q2:bigint>
-- !query 8 output
123	456
4567890123456789	-4567890123456789
4567890123456789	123


-- !query 9
SELECT * FROM INT8_TBL WHERE q2 < 4567890123456789
-- !query 9 schema
struct<q1:bigint,q2:bigint>
-- !query 9 output
123	456
4567890123456789	-4567890123456789
4567890123456789	123


-- !query 10
SELECT * FROM INT8_TBL WHERE q2 > 4567890123456789
-- !query 10 schema
struct<q1:bigint,q2:bigint>
-- !query 10 output



-- !query 11
SELECT * FROM INT8_TBL WHERE q2 <= 4567890123456789
-- !query 11 schema
struct<q1:bigint,q2:bigint>
-- !query 11 output
123	456
123	4567890123456789
4567890123456789	-4567890123456789
4567890123456789	123
4567890123456789	4567890123456789


-- !query 12
SELECT * FROM INT8_TBL WHERE q2 >= 4567890123456789
-- !query 12 schema
struct<q1:bigint,q2:bigint>
-- !query 12 output
123	4567890123456789
4567890123456789	4567890123456789


-- !query 13
SELECT * FROM INT8_TBL WHERE q2 = 456
-- !query 13 schema
struct<q1:bigint,q2:bigint>
-- !query 13 output
123	456


-- !query 14
SELECT * FROM INT8_TBL WHERE q2 <> 456
-- !query 14 schema
struct<q1:bigint,q2:bigint>
-- !query 14 output
123	4567890123456789
4567890123456789	-4567890123456789
4567890123456789	123
4567890123456789	4567890123456789


-- !query 15
SELECT * FROM INT8_TBL WHERE q2 < 456
-- !query 15 schema
struct<q1:bigint,q2:bigint>
-- !query 15 output
4567890123456789	-4567890123456789
4567890123456789	123


-- !query 16
SELECT * FROM INT8_TBL WHERE q2 > 456
-- !query 16 schema
struct<q1:bigint,q2:bigint>
-- !query 16 output
123	4567890123456789
4567890123456789	4567890123456789


-- !query 17
SELECT * FROM INT8_TBL WHERE q2 <= 456
-- !query 17 schema
struct<q1:bigint,q2:bigint>
-- !query 17 output
123	456
4567890123456789	-4567890123456789
4567890123456789	123


-- !query 18
SELECT * FROM INT8_TBL WHERE q2 >= 456
-- !query 18 schema
struct<q1:bigint,q2:bigint>
-- !query 18 output
123	456
123	4567890123456789
4567890123456789	4567890123456789


-- !query 19
SELECT * FROM INT8_TBL WHERE 123 = q1
-- !query 19 schema
struct<q1:bigint,q2:bigint>
-- !query 19 output
123	456
123	4567890123456789


-- !query 20
SELECT * FROM INT8_TBL WHERE 123 <> q1
-- !query 20 schema
struct<q1:bigint,q2:bigint>
-- !query 20 output
4567890123456789	-4567890123456789
4567890123456789	123
4567890123456789	4567890123456789


-- !query 21
SELECT * FROM INT8_TBL WHERE 123 < q1
-- !query 21 schema
struct<q1:bigint,q2:bigint>
-- !query 21 output
4567890123456789	-4567890123456789
4567890123456789	123
4567890123456789	4567890123456789


-- !query 22
SELECT * FROM INT8_TBL WHERE 123 > q1
-- !query 22 schema
struct<q1:bigint,q2:bigint>
-- !query 22 output



-- !query 23
SELECT * FROM INT8_TBL WHERE 123 <= q1
-- !query 23 schema
struct<q1:bigint,q2:bigint>
-- !query 23 output
123	456
123	4567890123456789
4567890123456789	-4567890123456789
4567890123456789	123
4567890123456789	4567890123456789


-- !query 24
SELECT * FROM INT8_TBL WHERE 123 >= q1
-- !query 24 schema
struct<q1:bigint,q2:bigint>
-- !query 24 output
123	456
123	4567890123456789


-- !query 25
SELECT * FROM INT8_TBL WHERE q2 = smallint('456')
-- !query 25 schema
struct<q1:bigint,q2:bigint>
-- !query 25 output
123	456


-- !query 26
SELECT * FROM INT8_TBL WHERE q2 <> smallint('456')
-- !query 26 schema
struct<q1:bigint,q2:bigint>
-- !query 26 output
123	4567890123456789
4567890123456789	-4567890123456789
4567890123456789	123
4567890123456789	4567890123456789


-- !query 27
SELECT * FROM INT8_TBL WHERE q2 < smallint('456')
-- !query 27 schema
struct<q1:bigint,q2:bigint>
-- !query 27 output
4567890123456789	-4567890123456789
4567890123456789	123


-- !query 28
SELECT * FROM INT8_TBL WHERE q2 > smallint('456')
-- !query 28 schema
struct<q1:bigint,q2:bigint>
-- !query 28 output
123	4567890123456789
4567890123456789	4567890123456789


-- !query 29
SELECT * FROM INT8_TBL WHERE q2 <= smallint('456')
-- !query 29 schema
struct<q1:bigint,q2:bigint>
-- !query 29 output
123	456
4567890123456789	-4567890123456789
4567890123456789	123


-- !query 30
SELECT * FROM INT8_TBL WHERE q2 >= smallint('456')
-- !query 30 schema
struct<q1:bigint,q2:bigint>
-- !query 30 output
123	456
123	4567890123456789
4567890123456789	4567890123456789


-- !query 31
SELECT * FROM INT8_TBL WHERE smallint('123') = q1
-- !query 31 schema
struct<q1:bigint,q2:bigint>
-- !query 31 output
123	456
123	4567890123456789


-- !query 32
SELECT * FROM INT8_TBL WHERE smallint('123') <> q1
-- !query 32 schema
struct<q1:bigint,q2:bigint>
-- !query 32 output
4567890123456789	-4567890123456789
4567890123456789	123
4567890123456789	4567890123456789


-- !query 33
SELECT * FROM INT8_TBL WHERE smallint('123') < q1
-- !query 33 schema
struct<q1:bigint,q2:bigint>
-- !query 33 output
4567890123456789	-4567890123456789
4567890123456789	123
4567890123456789	4567890123456789


-- !query 34
SELECT * FROM INT8_TBL WHERE smallint('123') > q1
-- !query 34 schema
struct<q1:bigint,q2:bigint>
-- !query 34 output



-- !query 35
SELECT * FROM INT8_TBL WHERE smallint('123') <= q1
-- !query 35 schema
struct<q1:bigint,q2:bigint>
-- !query 35 output
123	456
123	4567890123456789
4567890123456789	-4567890123456789
4567890123456789	123
4567890123456789	4567890123456789


-- !query 36
SELECT * FROM INT8_TBL WHERE smallint('123') >= q1
-- !query 36 schema
struct<q1:bigint,q2:bigint>
-- !query 36 output
123	456
123	4567890123456789


-- !query 37
SELECT '' AS five, q1 AS plus, -q1 AS `minus` FROM INT8_TBL
-- !query 37 schema
struct<five:string,plus:bigint,minus:bigint>
-- !query 37 output
	123	-123
	123	-123
	4567890123456789	-4567890123456789
	4567890123456789	-4567890123456789
	4567890123456789	-4567890123456789


-- !query 38
SELECT '' AS five, q1, q2, q1 + q2 AS plus FROM INT8_TBL
-- !query 38 schema
struct<five:string,q1:bigint,q2:bigint,plus:bigint>
-- !query 38 output
	123	456	579
	123	4567890123456789	4567890123456912
	4567890123456789	-4567890123456789	0
	4567890123456789	123	4567890123456912
	4567890123456789	4567890123456789	9135780246913578


-- !query 39
SELECT '' AS five, q1, q2, q1 - q2 AS `minus` FROM INT8_TBL
-- !query 39 schema
struct<five:string,q1:bigint,q2:bigint,minus:bigint>
-- !query 39 output
	123	456	-333
	123	4567890123456789	-4567890123456666
	4567890123456789	-4567890123456789	9135780246913578
	4567890123456789	123	4567890123456666
	4567890123456789	4567890123456789	0


-- !query 40
SELECT '' AS three, q1, q2, q1 * q2 AS multiply FROM INT8_TBL
-- !query 40 schema
struct<>
-- !query 40 output
java.lang.ArithmeticException
long overflow


-- !query 41
SELECT '' AS three, q1, q2, q1 * q2 AS multiply FROM INT8_TBL
 WHERE q1 < 1000 or (q2 > 0 and q2 < 1000)
-- !query 41 schema
struct<three:string,q1:bigint,q2:bigint,multiply:bigint>
-- !query 41 output
	123	456	56088
	123	4567890123456789	561850485185185047
	4567890123456789	123	561850485185185047


-- !query 42
SELECT '' AS five, q1, q2, q1 / q2 AS divide, q1 % q2 AS mod FROM INT8_TBL
-- !query 42 schema
struct<five:string,q1:bigint,q2:bigint,divide:bigint,mod:bigint>
-- !query 42 output
	123	456	0	123
	123	4567890123456789	0	123
	4567890123456789	-4567890123456789	-1	0
	4567890123456789	123	37137318076884	57
	4567890123456789	4567890123456789	1	0


-- !query 43
SELECT '' AS five, q1, double(q1) FROM INT8_TBL
-- !query 43 schema
struct<five:string,q1:bigint,q1:double>
-- !query 43 output
	123	123.0
	123	123.0
	4567890123456789	4.567890123456789E15
	4567890123456789	4.567890123456789E15
	4567890123456789	4.567890123456789E15


-- !query 44
SELECT '' AS five, q2, double(q2) FROM INT8_TBL
-- !query 44 schema
struct<five:string,q2:bigint,q2:double>
-- !query 44 output
	-4567890123456789	-4.567890123456789E15
	123	123.0
	456	456.0
	4567890123456789	4.567890123456789E15
	4567890123456789	4.567890123456789E15


-- !query 45
SELECT 37 + q1 AS plus4 FROM INT8_TBL
-- !query 45 schema
struct<plus4:bigint>
-- !query 45 output
160
160
4567890123456826
4567890123456826
4567890123456826


-- !query 46
SELECT 37 - q1 AS minus4 FROM INT8_TBL
-- !query 46 schema
struct<minus4:bigint>
-- !query 46 output
-4567890123456752
-4567890123456752
-4567890123456752
-86
-86


-- !query 47
SELECT '' AS five, 2 * q1 AS `twice int4` FROM INT8_TBL
-- !query 47 schema
struct<five:string,twice int4:bigint>
-- !query 47 output
	246
	246
	9135780246913578
	9135780246913578
	9135780246913578


-- !query 48
SELECT '' AS five, q1 * 2 AS `twice int4` FROM INT8_TBL
-- !query 48 schema
struct<five:string,twice int4:bigint>
-- !query 48 output
	246
	246
	9135780246913578
	9135780246913578
	9135780246913578


-- !query 49
SELECT q1 + int(42) AS `8plus4`, q1 - int(42) AS `8minus4`, q1 * int(42) AS `8mul4`, q1 / int(42) AS `8div4` FROM INT8_TBL
-- !query 49 schema
struct<8plus4:bigint,8minus4:bigint,8mul4:bigint,8div4:bigint>
-- !query 49 output
165	81	5166	2
165	81	5166	2
4567890123456831	4567890123456747	191851385185185138	108759288653733
4567890123456831	4567890123456747	191851385185185138	108759288653733
4567890123456831	4567890123456747	191851385185185138	108759288653733


-- !query 50
SELECT int(246) + q1 AS `4plus8`, int(246) - q1 AS `4minus8`, int(246) * q1 AS `4mul8`, int(246) / q1 AS `4div8` FROM INT8_TBL
-- !query 50 schema
struct<4plus8:bigint,4minus8:bigint,4mul8:bigint,4div8:bigint>
-- !query 50 output
369	123	30258	2
369	123	30258	2
4567890123457035	-4567890123456543	1123700970370370094	0
4567890123457035	-4567890123456543	1123700970370370094	0
4567890123457035	-4567890123456543	1123700970370370094	0


-- !query 51
SELECT q1 + smallint(42) AS `8plus2`, q1 - smallint(42) AS `8minus2`, q1 * smallint(42) AS `8mul2`, q1 / smallint(42) AS `8div2` FROM INT8_TBL
-- !query 51 schema
struct<8plus2:bigint,8minus2:bigint,8mul2:bigint,8div2:bigint>
-- !query 51 output
165	81	5166	2
165	81	5166	2
4567890123456831	4567890123456747	191851385185185138	108759288653733
4567890123456831	4567890123456747	191851385185185138	108759288653733
4567890123456831	4567890123456747	191851385185185138	108759288653733


-- !query 52
SELECT smallint(246) + q1 AS `2plus8`, smallint(246) - q1 AS `2minus8`, smallint(246) * q1 AS `2mul8`, smallint(246) / q1 AS `2div8` FROM INT8_TBL
-- !query 52 schema
struct<2plus8:bigint,2minus8:bigint,2mul8:bigint,2div8:bigint>
-- !query 52 output
369	123	30258	2
369	123	30258	2
4567890123457035	-4567890123456543	1123700970370370094	0
4567890123457035	-4567890123456543	1123700970370370094	0
4567890123457035	-4567890123456543	1123700970370370094	0


-- !query 53
SELECT q2, abs(q2) FROM INT8_TBL
-- !query 53 schema
struct<q2:bigint,abs(q2):bigint>
-- !query 53 output
-4567890123456789	4567890123456789
123	123
456	456
4567890123456789	4567890123456789
4567890123456789	4567890123456789


-- !query 54
SELECT min(q1), min(q2) FROM INT8_TBL
-- !query 54 schema
struct<min(q1):bigint,min(q2):bigint>
-- !query 54 output
123	-4567890123456789


-- !query 55
SELECT max(q1), max(q2) FROM INT8_TBL
-- !query 55 schema
struct<max(q1):bigint,max(q2):bigint>
-- !query 55 output
4567890123456789	4567890123456789


-- !query 56
select bigint('9223372036854775800') / bigint('0')
-- !query 56 schema
struct<(CAST(9223372036854775800 AS BIGINT) div CAST(0 AS BIGINT)):bigint>
-- !query 56 output
NULL


-- !query 57
select bigint('-9223372036854775808') / smallint('0')
-- !query 57 schema
struct<(CAST(-9223372036854775808 AS BIGINT) div CAST(CAST(0 AS SMALLINT) AS BIGINT)):bigint>
-- !query 57 output
NULL


-- !query 58
select smallint('100') / bigint('0')
-- !query 58 schema
struct<(CAST(CAST(100 AS SMALLINT) AS BIGINT) div CAST(0 AS BIGINT)):bigint>
-- !query 58 output
NULL


-- !query 59
SELECT CAST(q1 AS int) FROM int8_tbl WHERE q2 = 456
-- !query 59 schema
struct<q1:int>
-- !query 59 output
123


-- !query 60
SELECT CAST(q1 AS int) FROM int8_tbl WHERE q2 <> 456
-- !query 60 schema
struct<>
-- !query 60 output
java.lang.ArithmeticException
Casting 4567890123456789 to int causes overflow


-- !query 61
SELECT CAST(q1 AS smallint) FROM int8_tbl WHERE q2 = 456
-- !query 61 schema
struct<q1:smallint>
-- !query 61 output
123


-- !query 62
SELECT CAST(q1 AS smallint) FROM int8_tbl WHERE q2 <> 456
-- !query 62 schema
struct<>
-- !query 62 output
java.lang.ArithmeticException
Casting 4567890123456789 to short causes overflow


-- !query 63
SELECT CAST(smallint('42') AS bigint), CAST(smallint('-37') AS bigint)
-- !query 63 schema
struct<CAST(CAST(42 AS SMALLINT) AS BIGINT):bigint,CAST(CAST(-37 AS SMALLINT) AS BIGINT):bigint>
-- !query 63 output
42	-37


-- !query 64
SELECT CAST(q1 AS float), CAST(q2 AS double) FROM INT8_TBL
-- !query 64 schema
struct<q1:float,q2:double>
-- !query 64 output
123.0	4.567890123456789E15
123.0	456.0
4.5678899E15	-4.567890123456789E15
4.5678899E15	123.0
4.5678899E15	4.567890123456789E15


-- !query 65
SELECT CAST(float('36854775807.0') AS bigint)
-- !query 65 schema
struct<CAST(CAST(36854775807.0 AS FLOAT) AS BIGINT):bigint>
-- !query 65 output
36854775808


-- !query 66
SELECT CAST(double('922337203685477580700.0') AS bigint)
-- !query 66 schema
struct<>
-- !query 66 output
java.lang.ArithmeticException
Casting 9.223372036854776E20 to long causes overflow


-- !query 67
SELECT q1, q2, q1 & q2 AS `and`, q1 | q2 AS `or`, ~q1 AS `not` FROM INT8_TBL
-- !query 67 schema
struct<q1:bigint,q2:bigint,and:bigint,or:bigint,not:bigint>
-- !query 67 output
123	456	72	507	-124
123	4567890123456789	17	4567890123456895	-124
4567890123456789	-4567890123456789	1	-1	-4567890123456790
4567890123456789	123	17	4567890123456895	-4567890123456790
4567890123456789	4567890123456789	4567890123456789	4567890123456789	-4567890123456790


-- !query 68
SELECT * FROM range(bigint('+4567890123456789'), bigint('+4567890123456799'))
-- !query 68 schema
struct<id:bigint>
-- !query 68 output
4567890123456789
4567890123456790
4567890123456791
4567890123456792
4567890123456793
4567890123456794
4567890123456795
4567890123456796
4567890123456797
4567890123456798


-- !query 69
SELECT * FROM range(bigint('+4567890123456789'), bigint('+4567890123456799'), 0)
-- !query 69 schema
struct<>
-- !query 69 output
java.lang.IllegalArgumentException
requirement failed: step (0) cannot be 0


-- !query 70
SELECT * FROM range(bigint('+4567890123456789'), bigint('+4567890123456799'), 2)
-- !query 70 schema
struct<id:bigint>
-- !query 70 output
4567890123456789
4567890123456791
4567890123456793
4567890123456795
4567890123456797


-- !query 71
SELECT string(shiftleft(bigint(-1), 63))
-- !query 71 schema
struct<CAST(shiftleft(CAST(-1 AS BIGINT), 63) AS STRING):string>
-- !query 71 output
-9223372036854775808


-- !query 72
SELECT string(int(shiftleft(bigint(-1), 63))+1)
-- !query 72 schema
struct<>
-- !query 72 output
java.lang.ArithmeticException
Casting -9223372036854775808 to int causes overflow


-- !query 73
SELECT bigint((-9223372036854775808)) * bigint((-1))
-- !query 73 schema
struct<>
-- !query 73 output
java.lang.ArithmeticException
long overflow


-- !query 74
SELECT bigint((-9223372036854775808)) / bigint((-1))
-- !query 74 schema
struct<(CAST(-9223372036854775808 AS BIGINT) div CAST(-1 AS BIGINT)):bigint>
-- !query 74 output
-9223372036854775808


-- !query 75
SELECT bigint((-9223372036854775808)) % bigint((-1))
-- !query 75 schema
struct<(CAST(-9223372036854775808 AS BIGINT) % CAST(-1 AS BIGINT)):bigint>
-- !query 75 output
0


-- !query 76
SELECT bigint((-9223372036854775808)) * int((-1))
-- !query 76 schema
struct<>
-- !query 76 output
java.lang.ArithmeticException
long overflow


-- !query 77
SELECT bigint((-9223372036854775808)) / int((-1))
-- !query 77 schema
struct<(CAST(-9223372036854775808 AS BIGINT) div CAST(CAST(-1 AS INT) AS BIGINT)):bigint>
-- !query 77 output
-9223372036854775808


-- !query 78
SELECT bigint((-9223372036854775808)) % int((-1))
-- !query 78 schema
struct<(CAST(-9223372036854775808 AS BIGINT) % CAST(CAST(-1 AS INT) AS BIGINT)):bigint>
-- !query 78 output
0


-- !query 79
SELECT bigint((-9223372036854775808)) * smallint((-1))
-- !query 79 schema
struct<>
-- !query 79 output
java.lang.ArithmeticException
long overflow


-- !query 80
SELECT bigint((-9223372036854775808)) / smallint((-1))
-- !query 80 schema
struct<(CAST(-9223372036854775808 AS BIGINT) div CAST(CAST(-1 AS SMALLINT) AS BIGINT)):bigint>
-- !query 80 output
-9223372036854775808


-- !query 81
SELECT bigint((-9223372036854775808)) % smallint((-1))
-- !query 81 schema
struct<(CAST(-9223372036854775808 AS BIGINT) % CAST(CAST(-1 AS SMALLINT) AS BIGINT)):bigint>
-- !query 81 output
0


-- !query 82
SELECT x, bigint(x) AS int8_value
FROM (VALUES (double(-2.5)),
             (double(-1.5)),
             (double(-0.5)),
             (double(0.0)),
             (double(0.5)),
             (double(1.5)),
             (double(2.5))) t(x)
-- !query 82 schema
struct<x:double,int8_value:bigint>
-- !query 82 output
-0.5	0
-1.5	-1
-2.5	-2
0.0	0
0.5	0
1.5	1
2.5	2


-- !query 83
SELECT x, bigint(x) AS int8_value
FROM (VALUES cast(-2.5 as decimal(38, 18)),
             cast(-1.5 as decimal(38, 18)),
             cast(-0.5 as decimal(38, 18)),
             cast(-0.0 as decimal(38, 18)),
             cast(0.5 as decimal(38, 18)),
             cast(1.5 as decimal(38, 18)),
             cast(2.5 as decimal(38, 18))) t(x)
-- !query 83 schema
struct<x:decimal(38,18),int8_value:bigint>
-- !query 83 output
-0.5	0
-1.5	-1
-2.5	-2
0	0
0.5	0
1.5	1
2.5	2


-- !query 84
DROP TABLE INT8_TBL
-- !query 84 schema
struct<>
-- !query 84 output

