-- Automatically generated by SQLQueryTestSuite
-- Number of queries: 32


-- !query 0
CREATE TABLE TIMESTAMP_TBL (d1 timestamp) USING parquet
-- !query 0 schema
struct<>
-- !query 0 output



-- !query 1
INSERT INTO TIMESTAMP_TBL VALUES ('now')
-- !query 1 schema
struct<>
-- !query 1 output



-- !query 2
INSERT INTO TIMESTAMP_TBL VALUES ('now')
-- !query 2 schema
struct<>
-- !query 2 output



-- !query 3
INSERT INTO TIMESTAMP_TBL VALUES ('today')
-- !query 3 schema
struct<>
-- !query 3 output



-- !query 4
INSERT INTO TIMESTAMP_TBL VALUES ('yesterday')
-- !query 4 schema
struct<>
-- !query 4 output



-- !query 5
INSERT INTO TIMESTAMP_TBL VALUES ('tomorrow')
-- !query 5 schema
struct<>
-- !query 5 output



-- !query 6
INSERT INTO TIMESTAMP_TBL VALUES ('tomorrow EST')
-- !query 6 schema
struct<>
-- !query 6 output



-- !query 7
INSERT INTO TIMESTAMP_TBL VALUES ('tomorrow Zulu')
-- !query 7 schema
struct<>
-- !query 7 output



-- !query 8
SELECT count(*) AS One FROM TIMESTAMP_TBL WHERE d1 = timestamp 'today'
-- !query 8 schema
struct<One:bigint>
-- !query 8 output
1


-- !query 9
SELECT count(*) AS Three FROM TIMESTAMP_TBL WHERE d1 = timestamp 'tomorrow'
-- !query 9 schema
struct<Three:bigint>
-- !query 9 output
3


-- !query 10
SELECT count(*) AS One FROM TIMESTAMP_TBL WHERE d1 = timestamp 'yesterday'
-- !query 10 schema
struct<One:bigint>
-- !query 10 output
1


-- !query 11
TRUNCATE TABLE TIMESTAMP_TBL
-- !query 11 schema
struct<>
-- !query 11 output



-- !query 12
INSERT INTO TIMESTAMP_TBL VALUES ('epoch')
-- !query 12 schema
struct<>
-- !query 12 output



-- !query 13
INSERT INTO TIMESTAMP_TBL VALUES ('1997-01-02')
-- !query 13 schema
struct<>
-- !query 13 output



-- !query 14
INSERT INTO TIMESTAMP_TBL VALUES ('1997-01-02 03:04:05')
-- !query 14 schema
struct<>
-- !query 14 output



-- !query 15
INSERT INTO TIMESTAMP_TBL VALUES ('1997-02-10 17:32:01-08')
-- !query 15 schema
struct<>
-- !query 15 output



-- !query 16
INSERT INTO TIMESTAMP_TBL VALUES ('2001-09-22T18:19:20')
-- !query 16 schema
struct<>
-- !query 16 output



-- !query 17
SELECT '' AS `64`, d1 FROM TIMESTAMP_TBL
-- !query 17 schema
struct<64:string,d1:timestamp>
-- !query 17 output
	1969-12-31 16:00:00
	1997-01-02 00:00:00
	1997-01-02 03:04:05
	1997-02-10 17:32:01
	2001-09-22 18:19:20


-- !query 18
SELECT '' AS `48`, d1 FROM TIMESTAMP_TBL
   WHERE d1 > timestamp '1997-01-02'
-- !query 18 schema
struct<48:string,d1:timestamp>
-- !query 18 output
	1997-01-02 03:04:05
	1997-02-10 17:32:01
	2001-09-22 18:19:20


-- !query 19
SELECT '' AS `15`, d1 FROM TIMESTAMP_TBL
   WHERE d1 < timestamp '1997-01-02'
-- !query 19 schema
struct<15:string,d1:timestamp>
-- !query 19 output
	1969-12-31 16:00:00


-- !query 20
SELECT '' AS one, d1 FROM TIMESTAMP_TBL
   WHERE d1 = timestamp '1997-01-02'
-- !query 20 schema
struct<one:string,d1:timestamp>
-- !query 20 output
	1997-01-02 00:00:00


-- !query 21
SELECT '' AS `63`, d1 FROM TIMESTAMP_TBL
   WHERE d1 != timestamp '1997-01-02'
-- !query 21 schema
struct<63:string,d1:timestamp>
-- !query 21 output
	1969-12-31 16:00:00
	1997-01-02 03:04:05
	1997-02-10 17:32:01
	2001-09-22 18:19:20


-- !query 22
SELECT '' AS `16`, d1 FROM TIMESTAMP_TBL
   WHERE d1 <= timestamp '1997-01-02'
-- !query 22 schema
struct<16:string,d1:timestamp>
-- !query 22 output
	1969-12-31 16:00:00
	1997-01-02 00:00:00


-- !query 23
SELECT '' AS `49`, d1 FROM TIMESTAMP_TBL
   WHERE d1 >= timestamp '1997-01-02'
-- !query 23 schema
struct<49:string,d1:timestamp>
-- !query 23 output
	1997-01-02 00:00:00
	1997-01-02 03:04:05
	1997-02-10 17:32:01
	2001-09-22 18:19:20


-- !query 24
SELECT '' AS `54`, d1 - timestamp '1997-01-02' AS diff
   FROM TIMESTAMP_TBL WHERE d1 BETWEEN '1902-01-01' AND '2038-01-01'
-- !query 24 schema
struct<54:string,diff:interval>
-- !query 24 output
	interval -236720 hours
	interval 0 microseconds
	interval 3 hours 4 minutes 5 seconds
	interval 41393 hours 19 minutes 20 seconds
	interval 953 hours 32 minutes 1 seconds


-- !query 25
SELECT '' AS date_trunc_week, date_trunc( 'week', timestamp '2004-02-29 15:44:17.71393' ) AS week_trunc
-- !query 25 schema
struct<date_trunc_week:string,week_trunc:timestamp>
-- !query 25 output
	2004-02-23 00:00:00


-- !query 26
SELECT '' AS `54`, d1 - timestamp '1997-01-02' AS diff
  FROM TIMESTAMP_TBL
  WHERE d1 BETWEEN timestamp '1902-01-01'
   AND timestamp '2038-01-01'
-- !query 26 schema
struct<54:string,diff:interval>
-- !query 26 output
	interval -236720 hours
	interval 0 microseconds
	interval 3 hours 4 minutes 5 seconds
	interval 41393 hours 19 minutes 20 seconds
	interval 953 hours 32 minutes 1 seconds


-- !query 27
SELECT '' AS `54`, d1 as `timestamp`,
    date_part( 'year', d1) AS `year`, date_part( 'month', d1) AS `month`,
    date_part( 'day', d1) AS `day`, date_part( 'hour', d1) AS `hour`,
    date_part( 'minute', d1) AS `minute`, date_part( 'second', d1) AS `second`
    FROM TIMESTAMP_TBL WHERE d1 BETWEEN '1902-01-01' AND '2038-01-01'
-- !query 27 schema
struct<54:string,timestamp:timestamp,year:int,month:int,day:int,hour:int,minute:int,second:decimal(8,6)>
-- !query 27 output
	1969-12-31 16:00:00	1969	12	31	16	0	0
	1997-01-02 00:00:00	1997	1	2	0	0	0
	1997-01-02 03:04:05	1997	1	2	3	4	5
	1997-02-10 17:32:01	1997	2	10	17	32	1
	2001-09-22 18:19:20	2001	9	22	18	19	20


-- !query 28
SELECT '' AS `54`, d1 as `timestamp`,
    date_part( 'quarter', d1) AS quarter, date_part( 'msec', d1) AS msec,
    date_part( 'usec', d1) AS usec
    FROM TIMESTAMP_TBL WHERE d1 BETWEEN '1902-01-01' AND '2038-01-01'
-- !query 28 schema
struct<54:string,timestamp:timestamp,quarter:int,msec:decimal(8,3),usec:int>
-- !query 28 output
	1969-12-31 16:00:00	4	0	0
	1997-01-02 00:00:00	1	0	0
	1997-01-02 03:04:05	1	5000	5000000
	1997-02-10 17:32:01	1	1000	1000000
	2001-09-22 18:19:20	3	20000	20000000


-- !query 29
SELECT '' AS `54`, d1 as `timestamp`,
    date_part( 'isoyear', d1) AS isoyear, date_part( 'week', d1) AS week,
    date_part( 'dow', d1) AS dow
    FROM TIMESTAMP_TBL WHERE d1 BETWEEN '1902-01-01' AND '2038-01-01'
-- !query 29 schema
struct<54:string,timestamp:timestamp,isoyear:int,week:int,dow:int>
-- !query 29 output
	1969-12-31 16:00:00	1970	1	3
	1997-01-02 00:00:00	1997	1	4
	1997-01-02 03:04:05	1997	1	4
	1997-02-10 17:32:01	1997	7	1
	2001-09-22 18:19:20	2001	38	6


-- !query 30
SELECT make_timestamp(2014,12,28,6,30,45.887)
-- !query 30 schema
struct<make_timestamp(2014, 12, 28, 6, 30, CAST(45.887 AS DECIMAL(8,6))):timestamp>
-- !query 30 output
2014-12-28 06:30:45.887


-- !query 31
DROP TABLE TIMESTAMP_TBL
-- !query 31 schema
struct<>
-- !query 31 output

