-- Automatically generated by SQLQueryTestSuite
-- Number of queries: 39


-- !query 0
SELECT i,AVG(v) OVER (ORDER BY i ROWS BETWEEN CURRENT ROW AND UNBOUNDED FOLLOWING)
  FROM (VALUES(1,1),(2,2),(3,NULL),(4,NULL)) t(i,v)
-- !query 0 schema
struct<i:int,avg(v) OVER (ORDER BY i ASC NULLS FIRST ROWS BETWEEN CURRENT ROW AND UNBOUNDED FOLLOWING):double>
-- !query 0 output
1	1.5
2	2.0
3	NULL
4	NULL


-- !query 1
SELECT i,AVG(v) OVER (ORDER BY i ROWS BETWEEN CURRENT ROW AND UNBOUNDED FOLLOWING)
  FROM (VALUES(1,1),(2,2),(3,NULL),(4,NULL)) t(i,v)
-- !query 1 schema
struct<i:int,avg(v) OVER (ORDER BY i ASC NULLS FIRST ROWS BETWEEN CURRENT ROW AND UNBOUNDED FOLLOWING):double>
-- !query 1 output
1	1.5
2	2.0
3	NULL
4	NULL


-- !query 2
SELECT i,AVG(v) OVER (ORDER BY i ROWS BETWEEN CURRENT ROW AND UNBOUNDED FOLLOWING)
  FROM (VALUES(1,1),(2,2),(3,NULL),(4,NULL)) t(i,v)
-- !query 2 schema
struct<i:int,avg(v) OVER (ORDER BY i ASC NULLS FIRST ROWS BETWEEN CURRENT ROW AND UNBOUNDED FOLLOWING):double>
-- !query 2 output
1	1.5
2	2.0
3	NULL
4	NULL


-- !query 3
SELECT i,AVG(v) OVER (ORDER BY i ROWS BETWEEN CURRENT ROW AND UNBOUNDED FOLLOWING)
  FROM (VALUES(1,1.5),(2,2.5),(3,NULL),(4,NULL)) t(i,v)
-- !query 3 schema
struct<i:int,avg(v) OVER (ORDER BY i ASC NULLS FIRST ROWS BETWEEN CURRENT ROW AND UNBOUNDED FOLLOWING):decimal(6,5)>
-- !query 3 output
1	2
2	2.5
3	NULL
4	NULL


-- !query 4
SELECT i,SUM(v) OVER (ORDER BY i ROWS BETWEEN CURRENT ROW AND UNBOUNDED FOLLOWING)
  FROM (VALUES(1,1),(2,2),(3,NULL),(4,NULL)) t(i,v)
-- !query 4 schema
struct<i:int,sum(v) OVER (ORDER BY i ASC NULLS FIRST ROWS BETWEEN CURRENT ROW AND UNBOUNDED FOLLOWING):bigint>
-- !query 4 output
1	3
2	2
3	NULL
4	NULL


-- !query 5
SELECT i,SUM(v) OVER (ORDER BY i ROWS BETWEEN CURRENT ROW AND UNBOUNDED FOLLOWING)
  FROM (VALUES(1,1),(2,2),(3,NULL),(4,NULL)) t(i,v)
-- !query 5 schema
struct<i:int,sum(v) OVER (ORDER BY i ASC NULLS FIRST ROWS BETWEEN CURRENT ROW AND UNBOUNDED FOLLOWING):bigint>
-- !query 5 output
1	3
2	2
3	NULL
4	NULL


-- !query 6
SELECT i,SUM(v) OVER (ORDER BY i ROWS BETWEEN CURRENT ROW AND UNBOUNDED FOLLOWING)
  FROM (VALUES(1,1),(2,2),(3,NULL),(4,NULL)) t(i,v)
-- !query 6 schema
struct<i:int,sum(v) OVER (ORDER BY i ASC NULLS FIRST ROWS BETWEEN CURRENT ROW AND UNBOUNDED FOLLOWING):bigint>
-- !query 6 output
1	3
2	2
3	NULL
4	NULL


-- !query 7
SELECT i,SUM(v) OVER (ORDER BY i ROWS BETWEEN CURRENT ROW AND UNBOUNDED FOLLOWING)
  FROM (VALUES(1,1.1),(2,2.2),(3,NULL),(4,NULL)) t(i,v)
-- !query 7 schema
struct<i:int,sum(v) OVER (ORDER BY i ASC NULLS FIRST ROWS BETWEEN CURRENT ROW AND UNBOUNDED FOLLOWING):decimal(12,1)>
-- !query 7 output
1	3.3
2	2.2
3	NULL
4	NULL


-- !query 8
SELECT SUM(n) OVER (ORDER BY i ROWS BETWEEN CURRENT ROW AND UNBOUNDED FOLLOWING)
  FROM (VALUES(1,1.01),(2,2),(3,3)) v(i,n)
-- !query 8 schema
struct<sum(n) OVER (ORDER BY i ASC NULLS FIRST ROWS BETWEEN CURRENT ROW AND UNBOUNDED FOLLOWING):decimal(22,2)>
-- !query 8 output
3
5
6.01


-- !query 9
SELECT i,COUNT(v) OVER (ORDER BY i ROWS BETWEEN CURRENT ROW AND UNBOUNDED FOLLOWING)
  FROM (VALUES(1,1),(2,2),(3,NULL),(4,NULL)) t(i,v)
-- !query 9 schema
struct<i:int,count(v) OVER (ORDER BY i ASC NULLS FIRST ROWS BETWEEN CURRENT ROW AND UNBOUNDED FOLLOWING):bigint>
-- !query 9 output
1	2
2	1
3	0
4	0


-- !query 10
SELECT i,COUNT(*) OVER (ORDER BY i ROWS BETWEEN CURRENT ROW AND UNBOUNDED FOLLOWING)
  FROM (VALUES(1,1),(2,2),(3,NULL),(4,NULL)) t(i,v)
-- !query 10 schema
struct<i:int,count(1) OVER (ORDER BY i ASC NULLS FIRST ROWS BETWEEN CURRENT ROW AND UNBOUNDED FOLLOWING):bigint>
-- !query 10 output
1	4
2	3
3	2
4	1


-- !query 11
SELECT VAR_POP(n) OVER (ORDER BY i ROWS BETWEEN CURRENT ROW AND UNBOUNDED FOLLOWING)
  FROM (VALUES(1,600),(2,470),(3,170),(4,430),(5,300)) r(i,n)
-- !query 11 schema
struct<var_pop(CAST(n AS DOUBLE)) OVER (ORDER BY i ASC NULLS FIRST ROWS BETWEEN CURRENT ROW AND UNBOUNDED FOLLOWING):double>
-- !query 11 output
0.0
11266.666666666666
13868.750000000002
21703.999999999996
4225.0


-- !query 12
SELECT VAR_POP(n) OVER (ORDER BY i ROWS BETWEEN CURRENT ROW AND UNBOUNDED FOLLOWING)
  FROM (VALUES(1,600),(2,470),(3,170),(4,430),(5,300)) r(i,n)
-- !query 12 schema
struct<var_pop(CAST(n AS DOUBLE)) OVER (ORDER BY i ASC NULLS FIRST ROWS BETWEEN CURRENT ROW AND UNBOUNDED FOLLOWING):double>
-- !query 12 output
0.0
11266.666666666666
13868.750000000002
21703.999999999996
4225.0


-- !query 13
SELECT VAR_POP(n) OVER (ORDER BY i ROWS BETWEEN CURRENT ROW AND UNBOUNDED FOLLOWING)
  FROM (VALUES(1,600),(2,470),(3,170),(4,430),(5,300)) r(i,n)
-- !query 13 schema
struct<var_pop(CAST(n AS DOUBLE)) OVER (ORDER BY i ASC NULLS FIRST ROWS BETWEEN CURRENT ROW AND UNBOUNDED FOLLOWING):double>
-- !query 13 output
0.0
11266.666666666666
13868.750000000002
21703.999999999996
4225.0


-- !query 14
SELECT VAR_POP(n) OVER (ORDER BY i ROWS BETWEEN CURRENT ROW AND UNBOUNDED FOLLOWING)
  FROM (VALUES(1,600),(2,470),(3,170),(4,430),(5,300)) r(i,n)
-- !query 14 schema
struct<var_pop(CAST(n AS DOUBLE)) OVER (ORDER BY i ASC NULLS FIRST ROWS BETWEEN CURRENT ROW AND UNBOUNDED FOLLOWING):double>
-- !query 14 output
0.0
11266.666666666666
13868.750000000002
21703.999999999996
4225.0


-- !query 15
SELECT VAR_SAMP(n) OVER (ORDER BY i ROWS BETWEEN CURRENT ROW AND UNBOUNDED FOLLOWING)
  FROM (VALUES(1,600),(2,470),(3,170),(4,430),(5,300)) r(i,n)
-- !query 15 schema
struct<var_samp(CAST(n AS DOUBLE)) OVER (ORDER BY i ASC NULLS FIRST ROWS BETWEEN CURRENT ROW AND UNBOUNDED FOLLOWING):double>
-- !query 15 output
16900.0
18491.666666666668
27129.999999999996
8450.0
NaN


-- !query 16
SELECT VAR_SAMP(n) OVER (ORDER BY i ROWS BETWEEN CURRENT ROW AND UNBOUNDED FOLLOWING)
  FROM (VALUES(1,600),(2,470),(3,170),(4,430),(5,300)) r(i,n)
-- !query 16 schema
struct<var_samp(CAST(n AS DOUBLE)) OVER (ORDER BY i ASC NULLS FIRST ROWS BETWEEN CURRENT ROW AND UNBOUNDED FOLLOWING):double>
-- !query 16 output
16900.0
18491.666666666668
27129.999999999996
8450.0
NaN


-- !query 17
SELECT VAR_SAMP(n) OVER (ORDER BY i ROWS BETWEEN CURRENT ROW AND UNBOUNDED FOLLOWING)
  FROM (VALUES(1,600),(2,470),(3,170),(4,430),(5,300)) r(i,n)
-- !query 17 schema
struct<var_samp(CAST(n AS DOUBLE)) OVER (ORDER BY i ASC NULLS FIRST ROWS BETWEEN CURRENT ROW AND UNBOUNDED FOLLOWING):double>
-- !query 17 output
16900.0
18491.666666666668
27129.999999999996
8450.0
NaN


-- !query 18
SELECT VAR_SAMP(n) OVER (ORDER BY i ROWS BETWEEN CURRENT ROW AND UNBOUNDED FOLLOWING)
  FROM (VALUES(1,600),(2,470),(3,170),(4,430),(5,300)) r(i,n)
-- !query 18 schema
struct<var_samp(CAST(n AS DOUBLE)) OVER (ORDER BY i ASC NULLS FIRST ROWS BETWEEN CURRENT ROW AND UNBOUNDED FOLLOWING):double>
-- !query 18 output
16900.0
18491.666666666668
27129.999999999996
8450.0
NaN


-- !query 19
SELECT VARIANCE(n) OVER (ORDER BY i ROWS BETWEEN CURRENT ROW AND UNBOUNDED FOLLOWING)
  FROM (VALUES(1,600),(2,470),(3,170),(4,430),(5,300)) r(i,n)
-- !query 19 schema
struct<var_samp(CAST(n AS DOUBLE)) OVER (ORDER BY i ASC NULLS FIRST ROWS BETWEEN CURRENT ROW AND UNBOUNDED FOLLOWING):double>
-- !query 19 output
16900.0
18491.666666666668
27129.999999999996
8450.0
NaN


-- !query 20
SELECT VARIANCE(n) OVER (ORDER BY i ROWS BETWEEN CURRENT ROW AND UNBOUNDED FOLLOWING)
  FROM (VALUES(1,600),(2,470),(3,170),(4,430),(5,300)) r(i,n)
-- !query 20 schema
struct<var_samp(CAST(n AS DOUBLE)) OVER (ORDER BY i ASC NULLS FIRST ROWS BETWEEN CURRENT ROW AND UNBOUNDED FOLLOWING):double>
-- !query 20 output
16900.0
18491.666666666668
27129.999999999996
8450.0
NaN


-- !query 21
SELECT VARIANCE(n) OVER (ORDER BY i ROWS BETWEEN CURRENT ROW AND UNBOUNDED FOLLOWING)
  FROM (VALUES(1,600),(2,470),(3,170),(4,430),(5,300)) r(i,n)
-- !query 21 schema
struct<var_samp(CAST(n AS DOUBLE)) OVER (ORDER BY i ASC NULLS FIRST ROWS BETWEEN CURRENT ROW AND UNBOUNDED FOLLOWING):double>
-- !query 21 output
16900.0
18491.666666666668
27129.999999999996
8450.0
NaN


-- !query 22
SELECT VARIANCE(n) OVER (ORDER BY i ROWS BETWEEN CURRENT ROW AND UNBOUNDED FOLLOWING)
  FROM (VALUES(1,600),(2,470),(3,170),(4,430),(5,300)) r(i,n)
-- !query 22 schema
struct<var_samp(CAST(n AS DOUBLE)) OVER (ORDER BY i ASC NULLS FIRST ROWS BETWEEN CURRENT ROW AND UNBOUNDED FOLLOWING):double>
-- !query 22 output
16900.0
18491.666666666668
27129.999999999996
8450.0
NaN


-- !query 23
SELECT STDDEV_POP(n) OVER (ORDER BY i ROWS BETWEEN CURRENT ROW AND UNBOUNDED FOLLOWING)
  FROM (VALUES(1,NULL),(2,600),(3,470),(4,170),(5,430),(6,300)) r(i,n)
-- !query 23 schema
struct<stddev_pop(CAST(n AS DOUBLE)) OVER (ORDER BY i ASC NULLS FIRST ROWS BETWEEN CURRENT ROW AND UNBOUNDED FOLLOWING):double>
-- !query 23 output
0.0
106.14455552060438
117.76565713313879
147.32277488562315
147.32277488562315
65.0


-- !query 24
SELECT STDDEV_POP(n) OVER (ORDER BY i ROWS BETWEEN CURRENT ROW AND UNBOUNDED FOLLOWING)
  FROM (VALUES(1,NULL),(2,600),(3,470),(4,170),(5,430),(6,300)) r(i,n)
-- !query 24 schema
struct<stddev_pop(CAST(n AS DOUBLE)) OVER (ORDER BY i ASC NULLS FIRST ROWS BETWEEN CURRENT ROW AND UNBOUNDED FOLLOWING):double>
-- !query 24 output
0.0
106.14455552060438
117.76565713313879
147.32277488562315
147.32277488562315
65.0


-- !query 25
SELECT STDDEV_POP(n) OVER (ORDER BY i ROWS BETWEEN CURRENT ROW AND UNBOUNDED FOLLOWING)
  FROM (VALUES(1,NULL),(2,600),(3,470),(4,170),(5,430),(6,300)) r(i,n)
-- !query 25 schema
struct<stddev_pop(CAST(n AS DOUBLE)) OVER (ORDER BY i ASC NULLS FIRST ROWS BETWEEN CURRENT ROW AND UNBOUNDED FOLLOWING):double>
-- !query 25 output
0.0
106.14455552060438
117.76565713313879
147.32277488562315
147.32277488562315
65.0


-- !query 26
SELECT STDDEV_POP(n) OVER (ORDER BY i ROWS BETWEEN CURRENT ROW AND UNBOUNDED FOLLOWING)
  FROM (VALUES(1,NULL),(2,600),(3,470),(4,170),(5,430),(6,300)) r(i,n)
-- !query 26 schema
struct<stddev_pop(CAST(n AS DOUBLE)) OVER (ORDER BY i ASC NULLS FIRST ROWS BETWEEN CURRENT ROW AND UNBOUNDED FOLLOWING):double>
-- !query 26 output
0.0
106.14455552060438
117.76565713313879
147.32277488562315
147.32277488562315
65.0


-- !query 27
SELECT STDDEV_SAMP(n) OVER (ORDER BY i ROWS BETWEEN CURRENT ROW AND UNBOUNDED FOLLOWING)
  FROM (VALUES(1,NULL),(2,600),(3,470),(4,170),(5,430),(6,300)) r(i,n)
-- !query 27 schema
struct<stddev_samp(CAST(n AS DOUBLE)) OVER (ORDER BY i ASC NULLS FIRST ROWS BETWEEN CURRENT ROW AND UNBOUNDED FOLLOWING):double>
-- !query 27 output
130.0
135.9840676942217
164.7118696390761
164.7118696390761
91.92388155425118
NaN


-- !query 28
SELECT STDDEV_SAMP(n) OVER (ORDER BY i ROWS BETWEEN CURRENT ROW AND UNBOUNDED FOLLOWING)
  FROM (VALUES(1,NULL),(2,600),(3,470),(4,170),(5,430),(6,300)) r(i,n)
-- !query 28 schema
struct<stddev_samp(CAST(n AS DOUBLE)) OVER (ORDER BY i ASC NULLS FIRST ROWS BETWEEN CURRENT ROW AND UNBOUNDED FOLLOWING):double>
-- !query 28 output
130.0
135.9840676942217
164.7118696390761
164.7118696390761
91.92388155425118
NaN


-- !query 29
SELECT STDDEV_SAMP(n) OVER (ORDER BY i ROWS BETWEEN CURRENT ROW AND UNBOUNDED FOLLOWING)
  FROM (VALUES(1,NULL),(2,600),(3,470),(4,170),(5,430),(6,300)) r(i,n)
-- !query 29 schema
struct<stddev_samp(CAST(n AS DOUBLE)) OVER (ORDER BY i ASC NULLS FIRST ROWS BETWEEN CURRENT ROW AND UNBOUNDED FOLLOWING):double>
-- !query 29 output
130.0
135.9840676942217
164.7118696390761
164.7118696390761
91.92388155425118
NaN


-- !query 30
SELECT STDDEV_SAMP(n) OVER (ORDER BY i ROWS BETWEEN CURRENT ROW AND UNBOUNDED FOLLOWING)
  FROM (VALUES(1,NULL),(2,600),(3,470),(4,170),(5,430),(6,300)) r(i,n)
-- !query 30 schema
struct<stddev_samp(CAST(n AS DOUBLE)) OVER (ORDER BY i ASC NULLS FIRST ROWS BETWEEN CURRENT ROW AND UNBOUNDED FOLLOWING):double>
-- !query 30 output
130.0
135.9840676942217
164.7118696390761
164.7118696390761
91.92388155425118
NaN


-- !query 31
SELECT STDDEV(n) OVER (ORDER BY i ROWS BETWEEN CURRENT ROW AND UNBOUNDED FOLLOWING)
  FROM (VALUES(0,NULL),(1,600),(2,470),(3,170),(4,430),(5,300)) r(i,n)
-- !query 31 schema
struct<stddev_samp(CAST(n AS DOUBLE)) OVER (ORDER BY i ASC NULLS FIRST ROWS BETWEEN CURRENT ROW AND UNBOUNDED FOLLOWING):double>
-- !query 31 output
130.0
135.9840676942217
164.7118696390761
164.7118696390761
91.92388155425118
NaN


-- !query 32
SELECT STDDEV(n) OVER (ORDER BY i ROWS BETWEEN CURRENT ROW AND UNBOUNDED FOLLOWING)
  FROM (VALUES(0,NULL),(1,600),(2,470),(3,170),(4,430),(5,300)) r(i,n)
-- !query 32 schema
struct<stddev_samp(CAST(n AS DOUBLE)) OVER (ORDER BY i ASC NULLS FIRST ROWS BETWEEN CURRENT ROW AND UNBOUNDED FOLLOWING):double>
-- !query 32 output
130.0
135.9840676942217
164.7118696390761
164.7118696390761
91.92388155425118
NaN


-- !query 33
SELECT STDDEV(n) OVER (ORDER BY i ROWS BETWEEN CURRENT ROW AND UNBOUNDED FOLLOWING)
  FROM (VALUES(0,NULL),(1,600),(2,470),(3,170),(4,430),(5,300)) r(i,n)
-- !query 33 schema
struct<stddev_samp(CAST(n AS DOUBLE)) OVER (ORDER BY i ASC NULLS FIRST ROWS BETWEEN CURRENT ROW AND UNBOUNDED FOLLOWING):double>
-- !query 33 output
130.0
135.9840676942217
164.7118696390761
164.7118696390761
91.92388155425118
NaN


-- !query 34
SELECT STDDEV(n) OVER (ORDER BY i ROWS BETWEEN CURRENT ROW AND UNBOUNDED FOLLOWING)
  FROM (VALUES(0,NULL),(1,600),(2,470),(3,170),(4,430),(5,300)) r(i,n)
-- !query 34 schema
struct<stddev_samp(CAST(n AS DOUBLE)) OVER (ORDER BY i ASC NULLS FIRST ROWS BETWEEN CURRENT ROW AND UNBOUNDED FOLLOWING):double>
-- !query 34 output
130.0
135.9840676942217
164.7118696390761
164.7118696390761
91.92388155425118
NaN


-- !query 35
SELECT i,SUM(v) OVER (ORDER BY i ROWS BETWEEN CURRENT ROW AND CURRENT ROW)
  FROM (VALUES(1,1),(2,2),(3,NULL),(4,NULL)) t(i,v)
-- !query 35 schema
struct<i:int,sum(v) OVER (ORDER BY i ASC NULLS FIRST ROWS BETWEEN CURRENT ROW AND CURRENT ROW):bigint>
-- !query 35 output
1	1
2	2
3	NULL
4	NULL


-- !query 36
SELECT i,SUM(v) OVER (ORDER BY i ROWS BETWEEN CURRENT ROW AND 1 FOLLOWING)
  FROM (VALUES(1,1),(2,2),(3,NULL),(4,NULL)) t(i,v)
-- !query 36 schema
struct<i:int,sum(v) OVER (ORDER BY i ASC NULLS FIRST ROWS BETWEEN CURRENT ROW AND 1 FOLLOWING):bigint>
-- !query 36 output
1	3
2	2
3	NULL
4	NULL


-- !query 37
SELECT i,SUM(v) OVER (ORDER BY i ROWS BETWEEN 1 PRECEDING AND 1 FOLLOWING)
  FROM (VALUES(1,1),(2,2),(3,3),(4,4)) t(i,v)
-- !query 37 schema
struct<i:int,sum(v) OVER (ORDER BY i ASC NULLS FIRST ROWS BETWEEN 1 PRECEDING AND 1 FOLLOWING):bigint>
-- !query 37 output
1	3
2	6
3	9
4	7


-- !query 38
SELECT a, b,
       SUM(b) OVER(ORDER BY A ROWS BETWEEN 1 PRECEDING AND CURRENT ROW)
FROM (VALUES(1,1),(2,2),(3,(cast('nan' as int))),(4,3),(5,4)) t(a,b)
-- !query 38 schema
struct<a:int,b:int,sum(b) OVER (ORDER BY A ASC NULLS FIRST ROWS BETWEEN 1 PRECEDING AND CURRENT ROW):bigint>
-- !query 38 output
1	1	1
2	2	3
3	NULL	2
4	3	3
5	4	7
